Archive member included because of file (symbol)

d:/iti embedded/sdk/imt_sdk_win_64/imt_sdk_win_64/winavr/bin/../lib/gcc/avr/4.3.3/avr5\libgcc.a(_exit.o)
                              d:/iti embedded/sdk/imt_sdk_win_64/imt_sdk_win_64/winavr/bin/../lib/gcc/avr/4.3.3/../../../../avr/lib/avr5/crtm32.o (exit)
d:/iti embedded/sdk/imt_sdk_win_64/imt_sdk_win_64/winavr/bin/../lib/gcc/avr/4.3.3/avr5\libgcc.a(_copy_data.o)
                              ./MCAL/DIO/DIO_prg.o (__do_copy_data)
d:/iti embedded/sdk/imt_sdk_win_64/imt_sdk_win_64/winavr/bin/../lib/gcc/avr/4.3.3/avr5\libgcc.a(_clear_bss.o)
                              ./MCAL/GPT/GPT_prg.o (__do_clear_bss)
d:/iti embedded/sdk/imt_sdk_win_64/imt_sdk_win_64/winavr/bin/../lib/gcc/avr/4.3.3/avr5\libgcc.a(_fixunssfsi.o)
                              ./ECU/LCD/LCD_prg.o (__fixunssfsi)
d:/iti embedded/sdk/imt_sdk_win_64/imt_sdk_win_64/winavr/bin/../lib/gcc/avr/4.3.3/avr5\libgcc.a(_addsub_sf.o)
                              d:/iti embedded/sdk/imt_sdk_win_64/imt_sdk_win_64/winavr/bin/../lib/gcc/avr/4.3.3/avr5\libgcc.a(_fixunssfsi.o) (__subsf3)
d:/iti embedded/sdk/imt_sdk_win_64/imt_sdk_win_64/winavr/bin/../lib/gcc/avr/4.3.3/avr5\libgcc.a(_mul_sf.o)
                              ./ECU/LCD/LCD_prg.o (__mulsf3)
d:/iti embedded/sdk/imt_sdk_win_64/imt_sdk_win_64/winavr/bin/../lib/gcc/avr/4.3.3/avr5\libgcc.a(_div_sf.o)
                              ./ECU/LCD/LCD_prg.o (__divsf3)
d:/iti embedded/sdk/imt_sdk_win_64/imt_sdk_win_64/winavr/bin/../lib/gcc/avr/4.3.3/avr5\libgcc.a(_gt_sf.o)
                              ./ECU/LCD/LCD_prg.o (__gtsf2)
d:/iti embedded/sdk/imt_sdk_win_64/imt_sdk_win_64/winavr/bin/../lib/gcc/avr/4.3.3/avr5\libgcc.a(_ge_sf.o)
                              d:/iti embedded/sdk/imt_sdk_win_64/imt_sdk_win_64/winavr/bin/../lib/gcc/avr/4.3.3/avr5\libgcc.a(_fixunssfsi.o) (__gesf2)
d:/iti embedded/sdk/imt_sdk_win_64/imt_sdk_win_64/winavr/bin/../lib/gcc/avr/4.3.3/avr5\libgcc.a(_lt_sf.o)
                              ./ECU/LCD/LCD_prg.o (__ltsf2)
d:/iti embedded/sdk/imt_sdk_win_64/imt_sdk_win_64/winavr/bin/../lib/gcc/avr/4.3.3/avr5\libgcc.a(_sf_to_si.o)
                              d:/iti embedded/sdk/imt_sdk_win_64/imt_sdk_win_64/winavr/bin/../lib/gcc/avr/4.3.3/avr5\libgcc.a(_fixunssfsi.o) (__fixsfsi)
d:/iti embedded/sdk/imt_sdk_win_64/imt_sdk_win_64/winavr/bin/../lib/gcc/avr/4.3.3/avr5\libgcc.a(_thenan_sf.o)
                              d:/iti embedded/sdk/imt_sdk_win_64/imt_sdk_win_64/winavr/bin/../lib/gcc/avr/4.3.3/avr5\libgcc.a(_addsub_sf.o) (__thenan_sf)
d:/iti embedded/sdk/imt_sdk_win_64/imt_sdk_win_64/winavr/bin/../lib/gcc/avr/4.3.3/avr5\libgcc.a(_prologue.o)
                              d:/iti embedded/sdk/imt_sdk_win_64/imt_sdk_win_64/winavr/bin/../lib/gcc/avr/4.3.3/avr5\libgcc.a(_addsub_sf.o) (__prologue_saves__)
d:/iti embedded/sdk/imt_sdk_win_64/imt_sdk_win_64/winavr/bin/../lib/gcc/avr/4.3.3/avr5\libgcc.a(_epilogue.o)
                              d:/iti embedded/sdk/imt_sdk_win_64/imt_sdk_win_64/winavr/bin/../lib/gcc/avr/4.3.3/avr5\libgcc.a(_addsub_sf.o) (__epilogue_restores__)
d:/iti embedded/sdk/imt_sdk_win_64/imt_sdk_win_64/winavr/bin/../lib/gcc/avr/4.3.3/avr5\libgcc.a(_pack_sf.o)
                              d:/iti embedded/sdk/imt_sdk_win_64/imt_sdk_win_64/winavr/bin/../lib/gcc/avr/4.3.3/avr5\libgcc.a(_addsub_sf.o) (__pack_f)
d:/iti embedded/sdk/imt_sdk_win_64/imt_sdk_win_64/winavr/bin/../lib/gcc/avr/4.3.3/avr5\libgcc.a(_unpack_sf.o)
                              d:/iti embedded/sdk/imt_sdk_win_64/imt_sdk_win_64/winavr/bin/../lib/gcc/avr/4.3.3/avr5\libgcc.a(_addsub_sf.o) (__unpack_f)
d:/iti embedded/sdk/imt_sdk_win_64/imt_sdk_win_64/winavr/bin/../lib/gcc/avr/4.3.3/avr5\libgcc.a(_fpcmp_parts_sf.o)
                              d:/iti embedded/sdk/imt_sdk_win_64/imt_sdk_win_64/winavr/bin/../lib/gcc/avr/4.3.3/avr5\libgcc.a(_gt_sf.o) (__fpcmp_parts_f)
d:/iti embedded/sdk/imt_sdk_win_64/imt_sdk_win_64/winavr/bin/../lib/gcc/avr/4.3.3/../../../../avr/lib/avr5\libc.a(memset.o)
                              ./ECU/LCD/LCD_prg.o (memset)
d:/iti embedded/sdk/imt_sdk_win_64/imt_sdk_win_64/winavr/bin/../lib/gcc/avr/4.3.3/../../../../avr/lib/avr5\libc.a(sprintf.o)
                              ./ECU/LCD/LCD_prg.o (sprintf)
d:/iti embedded/sdk/imt_sdk_win_64/imt_sdk_win_64/winavr/bin/../lib/gcc/avr/4.3.3/../../../../avr/lib/avr5\libc.a(vfprintf_std.o)
                              d:/iti embedded/sdk/imt_sdk_win_64/imt_sdk_win_64/winavr/bin/../lib/gcc/avr/4.3.3/../../../../avr/lib/avr5\libc.a(sprintf.o) (vfprintf)
d:/iti embedded/sdk/imt_sdk_win_64/imt_sdk_win_64/winavr/bin/../lib/gcc/avr/4.3.3/../../../../avr/lib/avr5\libc.a(strnlen_P.o)
                              d:/iti embedded/sdk/imt_sdk_win_64/imt_sdk_win_64/winavr/bin/../lib/gcc/avr/4.3.3/../../../../avr/lib/avr5\libc.a(vfprintf_std.o) (strnlen_P)
d:/iti embedded/sdk/imt_sdk_win_64/imt_sdk_win_64/winavr/bin/../lib/gcc/avr/4.3.3/../../../../avr/lib/avr5\libc.a(strnlen.o)
                              d:/iti embedded/sdk/imt_sdk_win_64/imt_sdk_win_64/winavr/bin/../lib/gcc/avr/4.3.3/../../../../avr/lib/avr5\libc.a(vfprintf_std.o) (strnlen)
d:/iti embedded/sdk/imt_sdk_win_64/imt_sdk_win_64/winavr/bin/../lib/gcc/avr/4.3.3/../../../../avr/lib/avr5\libc.a(fputc.o)
                              d:/iti embedded/sdk/imt_sdk_win_64/imt_sdk_win_64/winavr/bin/../lib/gcc/avr/4.3.3/../../../../avr/lib/avr5\libc.a(vfprintf_std.o) (fputc)
d:/iti embedded/sdk/imt_sdk_win_64/imt_sdk_win_64/winavr/bin/../lib/gcc/avr/4.3.3/../../../../avr/lib/avr5\libc.a(ultoa_invert.o)
                              d:/iti embedded/sdk/imt_sdk_win_64/imt_sdk_win_64/winavr/bin/../lib/gcc/avr/4.3.3/../../../../avr/lib/avr5\libc.a(vfprintf_std.o) (__ultoa_invert)

Allocating common symbols
Common symbol       size              file

EXT_INT_handler     0x6               ./MCAL/EXT_INT/EXT_INT_prg.o
x                   0x2               ./APP/app.o
ADC_INT_handler     0x2               ./MCAL/ADC/ADC_prg.o
GPT_INT_HANDLER     0xc               ./MCAL/GPT/GPT_prg.o
stat                0x1               ./ECU/ECU_init/ECU_init.o

Memory Configuration

Name             Origin             Length             Attributes
text             0x00000000         0x00020000         xr
data             0x00800060         0x0000ffa0         rw !x
eeprom           0x00810000         0x00010000         rw !x
fuse             0x00820000         0x00000400         rw !x
lock             0x00830000         0x00000400         rw !x
signature        0x00840000         0x00000400         rw !x
*default*        0x00000000         0xffffffff

Linker script and memory map

LOAD d:/iti embedded/sdk/imt_sdk_win_64/imt_sdk_win_64/winavr/bin/../lib/gcc/avr/4.3.3/../../../../avr/lib/avr5/crtm32.o
LOAD ./MCAL/WDT/WDT_prg.o
LOAD ./MCAL/USART/UART_prg.o
LOAD ./MCAL/SPI/SPI_prg.o
LOAD ./MCAL/PWM/PWM_prg.o
LOAD ./MCAL/I2C/I2C_prg.o
LOAD ./MCAL/G_INT/G_INT_prg.o
LOAD ./MCAL/GPT/GPT_prg.o
LOAD ./MCAL/EXT_INT/EXT_INT_prg.o
LOAD ./MCAL/EEPROM/EEPROM_prg.o
LOAD ./MCAL/DIO/DIO_prg.o
LOAD ./MCAL/ADC/ADC_prg.o
LOAD ./ECU/SEGMANT/SEGMANT_prg.o
LOAD ./ECU/RELAY/RELAY_prg.o
LOAD ./ECU/LED/LED_prg.o
LOAD ./ECU/LCD/LCD_prg.o
LOAD ./ECU/KEYPAD/KEYPAD_prg.o
LOAD ./ECU/ECU_init/ECU_init.o
LOAD ./ECU/DC_MOTOR/DC_MOTOR_prg.o
LOAD ./ECU/BTN/BTN_prg.o
LOAD ./APP/app.o
LOAD d:/iti embedded/sdk/imt_sdk_win_64/imt_sdk_win_64/winavr/bin/../lib/gcc/avr/4.3.3/avr5\libgcc.a
LOAD d:/iti embedded/sdk/imt_sdk_win_64/imt_sdk_win_64/winavr/bin/../lib/gcc/avr/4.3.3/../../../../avr/lib/avr5\libc.a
LOAD d:/iti embedded/sdk/imt_sdk_win_64/imt_sdk_win_64/winavr/bin/../lib/gcc/avr/4.3.3/avr5\libgcc.a

.hash
 *(.hash)

.dynsym
 *(.dynsym)

.dynstr
 *(.dynstr)

.gnu.version
 *(.gnu.version)

.gnu.version_d
 *(.gnu.version_d)

.gnu.version_r
 *(.gnu.version_r)

.rel.init
 *(.rel.init)

.rela.init
 *(.rela.init)

.rel.text
 *(.rel.text)
 *(.rel.text.*)
 *(.rel.gnu.linkonce.t*)

.rela.text
 *(.rela.text)
 *(.rela.text.*)
 *(.rela.gnu.linkonce.t*)

.rel.fini
 *(.rel.fini)

.rela.fini
 *(.rela.fini)

.rel.rodata
 *(.rel.rodata)
 *(.rel.rodata.*)
 *(.rel.gnu.linkonce.r*)

.rela.rodata
 *(.rela.rodata)
 *(.rela.rodata.*)
 *(.rela.gnu.linkonce.r*)

.rel.data
 *(.rel.data)
 *(.rel.data.*)
 *(.rel.gnu.linkonce.d*)

.rela.data
 *(.rela.data)
 *(.rela.data.*)
 *(.rela.gnu.linkonce.d*)

.rel.ctors
 *(.rel.ctors)

.rela.ctors
 *(.rela.ctors)

.rel.dtors
 *(.rel.dtors)

.rela.dtors
 *(.rela.dtors)

.rel.got
 *(.rel.got)

.rela.got
 *(.rela.got)

.rel.bss
 *(.rel.bss)

.rela.bss
 *(.rela.bss)

.rel.plt
 *(.rel.plt)

.rela.plt
 *(.rela.plt)

.text           0x00000000     0x5846
 *(.vectors)
 .vectors       0x00000000       0x54 d:/iti embedded/sdk/imt_sdk_win_64/imt_sdk_win_64/winavr/bin/../lib/gcc/avr/4.3.3/../../../../avr/lib/avr5/crtm32.o
                0x00000000                __vectors
                0x00000000                __vector_default
 *(.vectors)
 *(.progmem.gcc*)
 *(.progmem*)
                0x00000054                . = ALIGN (0x2)
                0x00000054                __trampolines_start = .
 *(.trampolines)
 .trampolines   0x00000054        0x0 linker stubs
 *(.trampolines*)
                0x00000054                __trampolines_end = .
 *(.jumptables)
 *(.jumptables*)
 *(.lowtext)
 *(.lowtext*)
                0x00000054                __ctors_start = .
 *(.ctors)
                0x00000054                __ctors_end = .
                0x00000054                __dtors_start = .
 *(.dtors)
                0x00000054                __dtors_end = .
 SORT(*)(.ctors)
 SORT(*)(.dtors)
 *(.init0)
 .init0         0x00000054        0x0 d:/iti embedded/sdk/imt_sdk_win_64/imt_sdk_win_64/winavr/bin/../lib/gcc/avr/4.3.3/../../../../avr/lib/avr5/crtm32.o
                0x00000054                __init
 *(.init0)
 *(.init1)
 *(.init1)
 *(.init2)
 .init2         0x00000054        0xc d:/iti embedded/sdk/imt_sdk_win_64/imt_sdk_win_64/winavr/bin/../lib/gcc/avr/4.3.3/../../../../avr/lib/avr5/crtm32.o
 *(.init2)
 *(.init3)
 *(.init3)
 *(.init4)
 .init4         0x00000060       0x16 d:/iti embedded/sdk/imt_sdk_win_64/imt_sdk_win_64/winavr/bin/../lib/gcc/avr/4.3.3/avr5\libgcc.a(_copy_data.o)
                0x00000060                __do_copy_data
 .init4         0x00000076       0x10 d:/iti embedded/sdk/imt_sdk_win_64/imt_sdk_win_64/winavr/bin/../lib/gcc/avr/4.3.3/avr5\libgcc.a(_clear_bss.o)
                0x00000076                __do_clear_bss
 *(.init4)
 *(.init5)
 *(.init5)
 *(.init6)
 *(.init6)
 *(.init7)
 *(.init7)
 *(.init8)
 *(.init8)
 *(.init9)
 .init9         0x00000086        0x8 d:/iti embedded/sdk/imt_sdk_win_64/imt_sdk_win_64/winavr/bin/../lib/gcc/avr/4.3.3/../../../../avr/lib/avr5/crtm32.o
 *(.init9)
 *(.text)
 .text          0x0000008e        0x4 d:/iti embedded/sdk/imt_sdk_win_64/imt_sdk_win_64/winavr/bin/../lib/gcc/avr/4.3.3/../../../../avr/lib/avr5/crtm32.o
                0x0000008e                __vector_12
                0x0000008e                __bad_interrupt
                0x0000008e                __vector_6
                0x0000008e                __vector_13
                0x0000008e                __vector_17
                0x0000008e                __vector_19
                0x0000008e                __vector_7
                0x0000008e                __vector_5
                0x0000008e                __vector_4
                0x0000008e                __vector_9
                0x0000008e                __vector_15
                0x0000008e                __vector_8
                0x0000008e                __vector_14
                0x0000008e                __vector_18
                0x0000008e                __vector_20
 .text          0x00000092        0x0 ./MCAL/WDT/WDT_prg.o
 .text          0x00000092        0x0 ./MCAL/USART/UART_prg.o
 .text          0x00000092        0x0 ./MCAL/SPI/SPI_prg.o
 .text          0x00000092        0x0 ./MCAL/PWM/PWM_prg.o
 .text          0x00000092        0x0 ./MCAL/I2C/I2C_prg.o
 .text          0x00000092        0x0 ./MCAL/G_INT/G_INT_prg.o
 .text          0x00000092        0x0 ./MCAL/GPT/GPT_prg.o
 .text          0x00000092        0x0 ./MCAL/EXT_INT/EXT_INT_prg.o
 .text          0x00000092        0x0 ./MCAL/EEPROM/EEPROM_prg.o
 .text          0x00000092        0x0 ./MCAL/DIO/DIO_prg.o
 .text          0x00000092        0x0 ./MCAL/ADC/ADC_prg.o
 .text          0x00000092        0x0 ./ECU/SEGMANT/SEGMANT_prg.o
 .text          0x00000092        0x0 ./ECU/RELAY/RELAY_prg.o
 .text          0x00000092        0x0 ./ECU/LED/LED_prg.o
 .text          0x00000092        0x0 ./ECU/LCD/LCD_prg.o
 .text          0x00000092        0x0 ./ECU/KEYPAD/KEYPAD_prg.o
 .text          0x00000092        0x0 ./ECU/ECU_init/ECU_init.o
 .text          0x00000092        0x0 ./ECU/DC_MOTOR/DC_MOTOR_prg.o
 .text          0x00000092        0x0 ./ECU/BTN/BTN_prg.o
 .text          0x00000092        0x0 ./APP/app.o
 .text          0x00000092        0x0 d:/iti embedded/sdk/imt_sdk_win_64/imt_sdk_win_64/winavr/bin/../lib/gcc/avr/4.3.3/avr5\libgcc.a(_exit.o)
 .text          0x00000092        0x0 d:/iti embedded/sdk/imt_sdk_win_64/imt_sdk_win_64/winavr/bin/../lib/gcc/avr/4.3.3/avr5\libgcc.a(_copy_data.o)
 .text          0x00000092        0x0 d:/iti embedded/sdk/imt_sdk_win_64/imt_sdk_win_64/winavr/bin/../lib/gcc/avr/4.3.3/avr5\libgcc.a(_clear_bss.o)
 .text          0x00000092       0x58 d:/iti embedded/sdk/imt_sdk_win_64/imt_sdk_win_64/winavr/bin/../lib/gcc/avr/4.3.3/avr5\libgcc.a(_fixunssfsi.o)
                0x00000092                __fixunssfsi
 .text          0x000000ea      0x354 d:/iti embedded/sdk/imt_sdk_win_64/imt_sdk_win_64/winavr/bin/../lib/gcc/avr/4.3.3/avr5\libgcc.a(_addsub_sf.o)
                0x00000382                __subsf3
                0x000003e4                __addsf3
 .text          0x0000043e      0x1f4 d:/iti embedded/sdk/imt_sdk_win_64/imt_sdk_win_64/winavr/bin/../lib/gcc/avr/4.3.3/avr5\libgcc.a(_mul_sf.o)
                0x0000043e                __mulsf3
 .text          0x00000632      0x158 d:/iti embedded/sdk/imt_sdk_win_64/imt_sdk_win_64/winavr/bin/../lib/gcc/avr/4.3.3/avr5\libgcc.a(_div_sf.o)
                0x00000632                __divsf3
 .text          0x0000078a       0x60 d:/iti embedded/sdk/imt_sdk_win_64/imt_sdk_win_64/winavr/bin/../lib/gcc/avr/4.3.3/avr5\libgcc.a(_gt_sf.o)
                0x0000078a                __gtsf2
 .text          0x000007ea       0x60 d:/iti embedded/sdk/imt_sdk_win_64/imt_sdk_win_64/winavr/bin/../lib/gcc/avr/4.3.3/avr5\libgcc.a(_ge_sf.o)
                0x000007ea                __gesf2
 .text          0x0000084a       0x60 d:/iti embedded/sdk/imt_sdk_win_64/imt_sdk_win_64/winavr/bin/../lib/gcc/avr/4.3.3/avr5\libgcc.a(_lt_sf.o)
                0x0000084a                __ltsf2
 .text          0x000008aa       0xa8 d:/iti embedded/sdk/imt_sdk_win_64/imt_sdk_win_64/winavr/bin/../lib/gcc/avr/4.3.3/avr5\libgcc.a(_sf_to_si.o)
                0x000008aa                __fixsfsi
 .text          0x00000952        0x0 d:/iti embedded/sdk/imt_sdk_win_64/imt_sdk_win_64/winavr/bin/../lib/gcc/avr/4.3.3/avr5\libgcc.a(_thenan_sf.o)
 .text          0x00000952        0x0 d:/iti embedded/sdk/imt_sdk_win_64/imt_sdk_win_64/winavr/bin/../lib/gcc/avr/4.3.3/avr5\libgcc.a(_prologue.o)
 .text          0x00000952        0x0 d:/iti embedded/sdk/imt_sdk_win_64/imt_sdk_win_64/winavr/bin/../lib/gcc/avr/4.3.3/avr5\libgcc.a(_epilogue.o)
 .text          0x00000952      0x1aa d:/iti embedded/sdk/imt_sdk_win_64/imt_sdk_win_64/winavr/bin/../lib/gcc/avr/4.3.3/avr5\libgcc.a(_pack_sf.o)
                0x00000952                __pack_f
 .text          0x00000afc       0xf0 d:/iti embedded/sdk/imt_sdk_win_64/imt_sdk_win_64/winavr/bin/../lib/gcc/avr/4.3.3/avr5\libgcc.a(_unpack_sf.o)
                0x00000afc                __unpack_f
 .text          0x00000bec       0xb2 d:/iti embedded/sdk/imt_sdk_win_64/imt_sdk_win_64/winavr/bin/../lib/gcc/avr/4.3.3/avr5\libgcc.a(_fpcmp_parts_sf.o)
                0x00000bec                __fpcmp_parts_f
 .text          0x00000c9e        0x0 d:/iti embedded/sdk/imt_sdk_win_64/imt_sdk_win_64/winavr/bin/../lib/gcc/avr/4.3.3/../../../../avr/lib/avr5\libc.a(memset.o)
 .text          0x00000c9e        0x0 d:/iti embedded/sdk/imt_sdk_win_64/imt_sdk_win_64/winavr/bin/../lib/gcc/avr/4.3.3/../../../../avr/lib/avr5\libc.a(sprintf.o)
 .text          0x00000c9e        0x0 d:/iti embedded/sdk/imt_sdk_win_64/imt_sdk_win_64/winavr/bin/../lib/gcc/avr/4.3.3/../../../../avr/lib/avr5\libc.a(vfprintf_std.o)
 .text          0x00000c9e        0x0 d:/iti embedded/sdk/imt_sdk_win_64/imt_sdk_win_64/winavr/bin/../lib/gcc/avr/4.3.3/../../../../avr/lib/avr5\libc.a(strnlen_P.o)
 .text          0x00000c9e        0x0 d:/iti embedded/sdk/imt_sdk_win_64/imt_sdk_win_64/winavr/bin/../lib/gcc/avr/4.3.3/../../../../avr/lib/avr5\libc.a(strnlen.o)
 .text          0x00000c9e        0x0 d:/iti embedded/sdk/imt_sdk_win_64/imt_sdk_win_64/winavr/bin/../lib/gcc/avr/4.3.3/../../../../avr/lib/avr5\libc.a(fputc.o)
 .text          0x00000c9e        0x0 d:/iti embedded/sdk/imt_sdk_win_64/imt_sdk_win_64/winavr/bin/../lib/gcc/avr/4.3.3/../../../../avr/lib/avr5\libc.a(ultoa_invert.o)
                0x00000c9e                . = ALIGN (0x2)
 *(.text.*)
 .text.UART_init
                0x00000c9e      0x5c8 ./MCAL/USART/UART_prg.o
                0x00000c9e                UART_init
 .text.UART_ASYNC_write_byte
                0x00001266       0xaa ./MCAL/USART/UART_prg.o
                0x00001266                UART_ASYNC_write_byte
 .text.UART_ASYNC_read_byte
                0x00001310       0xaa ./MCAL/USART/UART_prg.o
                0x00001310                UART_ASYNC_read_byte
 .text.UART_ASYNC_write_string
                0x000013ba       0x68 ./MCAL/USART/UART_prg.o
                0x000013ba                UART_ASYNC_write_string
 .text.UART_ASYNC_read_string
                0x00001422       0x64 ./MCAL/USART/UART_prg.o
                0x00001422                UART_ASYNC_read_string
 .text.G_INT_Enable
                0x00001486       0x22 ./MCAL/G_INT/G_INT_prg.o
                0x00001486                G_INT_Enable
 .text.G_INT_Disable
                0x000014a8       0x26 ./MCAL/G_INT/G_INT_prg.o
                0x000014a8                G_INT_Disable
 .text.GPT_init
                0x000014ce       0x4a ./MCAL/GPT/GPT_prg.o
                0x000014ce                GPT_init
 .text.GPT_start_timer
                0x00001518       0x36 ./MCAL/GPT/GPT_prg.o
                0x00001518                GPT_start_timer
 .text.GPT_stop_timer
                0x0000154e       0x36 ./MCAL/GPT/GPT_prg.o
                0x0000154e                GPT_stop_timer
 .text.GPT_write_value
                0x00001584       0x86 ./MCAL/GPT/GPT_prg.o
                0x00001584                GPT_write_value
 .text.GPT_read_value
                0x0000160a       0x8e ./MCAL/GPT/GPT_prg.o
                0x0000160a                GPT_read_value
 .text.__vector_11
                0x00001698       0x5a ./MCAL/GPT/GPT_prg.o
                0x00001698                __vector_11
 .text.__vector_10
                0x000016f2       0x5a ./MCAL/GPT/GPT_prg.o
                0x000016f2                __vector_10
 .text.GPT_disable
                0x0000174c       0x66 ./MCAL/GPT/GPT_prg.o
 .text.GPT_set_mode
                0x000017b2       0xca ./MCAL/GPT/GPT_prg.o
 .text.GPT_set_prescaler
                0x0000187c      0x218 ./MCAL/GPT/GPT_prg.o
 .text.GPT_INT_enable
                0x00001a94       0x82 ./MCAL/GPT/GPT_prg.o
 .text.GPT_set_cbf
                0x00001b16       0x86 ./MCAL/GPT/GPT_prg.o
 .text.EXT_INT_Enable
                0x00001b9c       0x5a ./MCAL/EXT_INT/EXT_INT_prg.o
                0x00001b9c                EXT_INT_Enable
 .text.EXT_INT_disable
                0x00001bf6       0x36 ./MCAL/EXT_INT/EXT_INT_prg.o
                0x00001bf6                EXT_INT_disable
 .text.EXT_INT_INTX_enable
                0x00001c2c       0x82 ./MCAL/EXT_INT/EXT_INT_prg.o
 .text.EXT_INT_INTX_disable
                0x00001cae       0x82 ./MCAL/EXT_INT/EXT_INT_prg.o
 .text.EXT_INT_INTX_mode_init
                0x00001d30      0x218 ./MCAL/EXT_INT/EXT_INT_prg.o
 .text.EXT_INT_INTX_pin_inint
                0x00001f48       0x2a ./MCAL/EXT_INT/EXT_INT_prg.o
 .text.EXT_INT_INTX_CBF
                0x00001f72       0x96 ./MCAL/EXT_INT/EXT_INT_prg.o
 .text.__vector_1
                0x00002008       0x66 ./MCAL/EXT_INT/EXT_INT_prg.o
                0x00002008                __vector_1
 .text.__vector_2
                0x0000206e       0x66 ./MCAL/EXT_INT/EXT_INT_prg.o
                0x0000206e                __vector_2
 .text.__vector_3
                0x000020d4       0x66 ./MCAL/EXT_INT/EXT_INT_prg.o
                0x000020d4                __vector_3
 .text.EEPROM_WriteByte
                0x0000213a       0x6e ./MCAL/EEPROM/EEPROM_prg.o
                0x0000213a                EEPROM_WriteByte
 .text.EEPROM_ReadByte
                0x000021a8       0x8a ./MCAL/EEPROM/EEPROM_prg.o
                0x000021a8                EEPROM_ReadByte
 .text.DIO_init
                0x00002232       0x72 ./MCAL/DIO/DIO_prg.o
                0x00002232                DIO_init
 .text.DIO_write_pin_direction
                0x000022a4      0x14c ./MCAL/DIO/DIO_prg.o
                0x000022a4                DIO_write_pin_direction
 .text.DIO_read_pin_direction
                0x000023f0       0xb0 ./MCAL/DIO/DIO_prg.o
                0x000023f0                DIO_read_pin_direction
 .text.DIO_write_pin_logic
                0x000024a0      0x142 ./MCAL/DIO/DIO_prg.o
                0x000024a0                DIO_write_pin_logic
 .text.DIO_read_pin_logic
                0x000025e2       0xb0 ./MCAL/DIO/DIO_prg.o
                0x000025e2                DIO_read_pin_logic
 .text.DIO_toggle_pin_logic
                0x00002692       0xb4 ./MCAL/DIO/DIO_prg.o
                0x00002692                DIO_toggle_pin_logic
 .text.DIO_write_port_direction
                0x00002746       0x8a ./MCAL/DIO/DIO_prg.o
                0x00002746                DIO_write_port_direction
 .text.DIO_read_port_direction
                0x000027d0       0x66 ./MCAL/DIO/DIO_prg.o
                0x000027d0                DIO_read_port_direction
 .text.DIO_write_port_logic
                0x00002836       0x82 ./MCAL/DIO/DIO_prg.o
                0x00002836                DIO_write_port_logic
 .text.DIO_read_port_logic
                0x000028b8       0x66 ./MCAL/DIO/DIO_prg.o
                0x000028b8                DIO_read_port_logic
 .text.DIO_toggle_port_logic
                0x0000291e       0x56 ./MCAL/DIO/DIO_prg.o
                0x0000291e                DIO_toggle_port_logic
 .text.ADC_init
                0x00002974       0x6e ./MCAL/ADC/ADC_prg.o
                0x00002974                ADC_init
 .text.ADC_read_value_polling
                0x000029e2       0x82 ./MCAL/ADC/ADC_prg.o
                0x000029e2                ADC_read_value_polling
 .text.ADC_read_value_INTERRUPT
                0x00002a64       0x68 ./MCAL/ADC/ADC_prg.o
                0x00002a64                ADC_read_value_INTERRUPT
 .text.ADC_pin_init
                0x00002acc       0x38 ./MCAL/ADC/ADC_prg.o
 .text.ADC_set_ch
                0x00002b04      0x20c ./MCAL/ADC/ADC_prg.o
 .text.ADC_set_adjusment
                0x00002d10       0x78 ./MCAL/ADC/ADC_prg.o
 .text.ADC_set_v_ref
                0x00002d88       0xba ./MCAL/ADC/ADC_prg.o
 .text.ADC_set_trigger_source
                0x00002e42      0x20c ./MCAL/ADC/ADC_prg.o
 .text.ADC_set_prescaler
                0x0000304e      0x1d6 ./MCAL/ADC/ADC_prg.o
 .text.ADC_INT_enable
                0x00003224       0x30 ./MCAL/ADC/ADC_prg.o
 .text.ADC_start_conversion
                0x00003254       0x26 ./MCAL/ADC/ADC_prg.o
 .text.ADC_enable
                0x0000327a       0x26 ./MCAL/ADC/ADC_prg.o
 .text.ADC_set_cbf
                0x000032a0       0x3e ./MCAL/ADC/ADC_prg.o
 .text.__vector_16
                0x000032de       0x74 ./MCAL/ADC/ADC_prg.o
                0x000032de                __vector_16
 .text.SEGMANT_init
                0x00003352       0x1c ./ECU/SEGMANT/SEGMANT_prg.o
                0x00003352                SEGMANT_init
 .text.SEGMANT_write_number
                0x0000336e       0xa4 ./ECU/SEGMANT/SEGMANT_prg.o
                0x0000336e                SEGMANT_write_number
 .text.RELAY_pin_init
                0x00003412       0x1c ./ECU/RELAY/RELAY_prg.o
                0x00003412                RELAY_pin_init
 .text.RELAY_on
                0x0000342e       0x96 ./ECU/RELAY/RELAY_prg.o
                0x0000342e                RELAY_on
 .text.RELAY_off
                0x000034c4       0x96 ./ECU/RELAY/RELAY_prg.o
                0x000034c4                RELAY_off
 .text.LED_pin_init
                0x0000355a       0x1c ./ECU/LED/LED_prg.o
                0x0000355a                LED_pin_init
 .text.LED_on   0x00003576       0xba ./ECU/LED/LED_prg.o
                0x00003576                LED_on
 .text.LED_off  0x00003630       0xba ./ECU/LED/LED_prg.o
                0x00003630                LED_off
 .text.LED_toggle
                0x000036ea       0xb8 ./ECU/LED/LED_prg.o
                0x000036ea                LED_toggle
 .text.LCD_4bit_init
                0x000037a2      0x3ee ./ECU/LCD/LCD_prg.o
                0x000037a2                LCD_4bit_init
 .text.LCD_4bit_send_command
                0x00003b90       0x70 ./ECU/LCD/LCD_prg.o
                0x00003b90                LCD_4bit_send_command
 .text.LCD_4bit_send_char_data
                0x00003c00       0x70 ./ECU/LCD/LCD_prg.o
                0x00003c00                LCD_4bit_send_char_data
 .text.LCD_4bit_send_char_data_pos
                0x00003c70       0x60 ./ECU/LCD/LCD_prg.o
                0x00003c70                LCD_4bit_send_char_data_pos
 .text.LCD_4bit_send_string
                0x00003cd0       0x64 ./ECU/LCD/LCD_prg.o
                0x00003cd0                LCD_4bit_send_string
 .text.LCD_4bit_send_string_pos
                0x00003d34       0x8a ./ECU/LCD/LCD_prg.o
                0x00003d34                LCD_4bit_send_string_pos
 .text.LCD_4bit_send_number
                0x00003dbe       0x6a ./ECU/LCD/LCD_prg.o
                0x00003dbe                LCD_4bit_send_number
 .text.LCD_4bit_send_number_pos
                0x00003e28       0x82 ./ECU/LCD/LCD_prg.o
                0x00003e28                LCD_4bit_send_number_pos
 .text.LCD_4bit_send_custom_char
                0x00003eaa       0xc4 ./ECU/LCD/LCD_prg.o
                0x00003eaa                LCD_4bit_send_custom_char
 .text.LCD_8bit_init
                0x00003f6e      0x3f0 ./ECU/LCD/LCD_prg.o
                0x00003f6e                LCD_8bit_init
 .text.LCD_8bit_send_char_data
                0x0000435e       0x98 ./ECU/LCD/LCD_prg.o
                0x0000435e                LCD_8bit_send_char_data
 .text.LCD_8bit_send_command
                0x000043f6       0x98 ./ECU/LCD/LCD_prg.o
                0x000043f6                LCD_8bit_send_command
 .text.LCD_8bit_send_char_data_pos
                0x0000448e       0x60 ./ECU/LCD/LCD_prg.o
                0x0000448e                LCD_8bit_send_char_data_pos
 .text.LCD_8bit_send_string
                0x000044ee       0x64 ./ECU/LCD/LCD_prg.o
                0x000044ee                LCD_8bit_send_string
 .text.LCD_8bit_send_string_pos
                0x00004552       0x74 ./ECU/LCD/LCD_prg.o
                0x00004552                LCD_8bit_send_string_pos
 .text.LCD_8bit_send_number
                0x000045c6       0x6a ./ECU/LCD/LCD_prg.o
                0x000045c6                LCD_8bit_send_number
 .text.LCD_8bit_send_number_pos
                0x00004630       0x82 ./ECU/LCD/LCD_prg.o
                0x00004630                LCD_8bit_send_number_pos
 .text.LCD_8bit_send_custom_char
                0x000046b2       0xc4 ./ECU/LCD/LCD_prg.o
                0x000046b2                LCD_8bit_send_custom_char
 .text.convert_int_to_string
                0x00004776       0x9e ./ECU/LCD/LCD_prg.o
 .text.LCD_4bit_set_cursor
                0x00004814       0xe0 ./ECU/LCD/LCD_prg.o
 .text.LCD_send_4bits
                0x000048f4       0xa4 ./ECU/LCD/LCD_prg.o
 .text.LCD_send_4bit_enable
                0x00004998      0x1c6 ./ECU/LCD/LCD_prg.o
 .text.LCD_send_8bit_enable
                0x00004b5e      0x1c6 ./ECU/LCD/LCD_prg.o
 .text.LCD_8bit_set_cursor
                0x00004d24       0xe0 ./ECU/LCD/LCD_prg.o
 .text.KEYPAD_init
                0x00004e04       0x1c ./ECU/KEYPAD/KEYPAD_prg.o
                0x00004e04                KEYPAD_init
 .text.KEYPAD_read_value
                0x00004e20       0xfa ./ECU/KEYPAD/KEYPAD_prg.o
                0x00004e20                KEYPAD_read_value
 .text.ECU_init
                0x00004f1a       0x16 ./ECU/ECU_init/ECU_init.o
                0x00004f1a                ECU_init
 .text.DC_MOTOR_pin_init
                0x00004f30       0x1c ./ECU/DC_MOTOR/DC_MOTOR_prg.o
                0x00004f30                DC_MOTOR_pin_init
 .text.DC_MOTOR_move_Right
                0x00004f4c       0xb0 ./ECU/DC_MOTOR/DC_MOTOR_prg.o
                0x00004f4c                DC_MOTOR_move_Right
 .text.DC_MOTOR_move_left
                0x00004ffc       0xb0 ./ECU/DC_MOTOR/DC_MOTOR_prg.o
                0x00004ffc                DC_MOTOR_move_left
 .text.DC_MOTOR_stop
                0x000050ac       0xb0 ./ECU/DC_MOTOR/DC_MOTOR_prg.o
                0x000050ac                DC_MOTOR_stop
 .text.BTN_init
                0x0000515c       0x1c ./ECU/BTN/BTN_prg.o
                0x0000515c                BTN_init
 .text.BTN_read_state
                0x00005178       0xa4 ./ECU/BTN/BTN_prg.o
                0x00005178                BTN_read_state
 .text.main     0x0000521c       0x2e ./APP/app.o
                0x0000521c                main
 .text.app_init
                0x0000524a       0x12 ./APP/app.o
                0x0000524a                app_init
 .text.isr_init
                0x0000525c       0x14 ./APP/app.o
                0x0000525c                isr_init
 .text.tim0_handler
                0x00005270       0x14 ./APP/app.o
                0x00005270                tim0_handler
 .text.libgcc   0x00005284        0x0 d:/iti embedded/sdk/imt_sdk_win_64/imt_sdk_win_64/winavr/bin/../lib/gcc/avr/4.3.3/avr5\libgcc.a(_exit.o)
 .text.libgcc   0x00005284        0x0 d:/iti embedded/sdk/imt_sdk_win_64/imt_sdk_win_64/winavr/bin/../lib/gcc/avr/4.3.3/avr5\libgcc.a(_copy_data.o)
 .text.libgcc   0x00005284        0x0 d:/iti embedded/sdk/imt_sdk_win_64/imt_sdk_win_64/winavr/bin/../lib/gcc/avr/4.3.3/avr5\libgcc.a(_clear_bss.o)
 .text.libgcc   0x00005284       0x38 d:/iti embedded/sdk/imt_sdk_win_64/imt_sdk_win_64/winavr/bin/../lib/gcc/avr/4.3.3/avr5\libgcc.a(_prologue.o)
                0x00005284                __prologue_saves__
 .text.libgcc   0x000052bc       0x36 d:/iti embedded/sdk/imt_sdk_win_64/imt_sdk_win_64/winavr/bin/../lib/gcc/avr/4.3.3/avr5\libgcc.a(_epilogue.o)
                0x000052bc                __epilogue_restores__
 .text.avr-libc
                0x000052f2        0xe d:/iti embedded/sdk/imt_sdk_win_64/imt_sdk_win_64/winavr/bin/../lib/gcc/avr/4.3.3/../../../../avr/lib/avr5\libc.a(memset.o)
                0x000052f2                memset
 .text.avr-libc
                0x00005300       0x48 d:/iti embedded/sdk/imt_sdk_win_64/imt_sdk_win_64/winavr/bin/../lib/gcc/avr/4.3.3/../../../../avr/lib/avr5\libc.a(sprintf.o)
                0x00005300                sprintf
 .text.avr-libc
                0x00005348      0x3ba d:/iti embedded/sdk/imt_sdk_win_64/imt_sdk_win_64/winavr/bin/../lib/gcc/avr/4.3.3/../../../../avr/lib/avr5\libc.a(vfprintf_std.o)
                0x00005348                vfprintf
 .text.avr-libc
                0x00005702       0x16 d:/iti embedded/sdk/imt_sdk_win_64/imt_sdk_win_64/winavr/bin/../lib/gcc/avr/4.3.3/../../../../avr/lib/avr5\libc.a(strnlen_P.o)
                0x00005702                strnlen_P
 .text.avr-libc
                0x00005718       0x16 d:/iti embedded/sdk/imt_sdk_win_64/imt_sdk_win_64/winavr/bin/../lib/gcc/avr/4.3.3/../../../../avr/lib/avr5\libc.a(strnlen.o)
                0x00005718                strnlen
 .text.avr-libc
                0x0000572e       0x58 d:/iti embedded/sdk/imt_sdk_win_64/imt_sdk_win_64/winavr/bin/../lib/gcc/avr/4.3.3/../../../../avr/lib/avr5\libc.a(fputc.o)
                0x0000572e                fputc
 .text.avr-libc
                0x00005786       0xbc d:/iti embedded/sdk/imt_sdk_win_64/imt_sdk_win_64/winavr/bin/../lib/gcc/avr/4.3.3/../../../../avr/lib/avr5\libc.a(ultoa_invert.o)
                0x00005786                __ultoa_invert
                0x00005842                . = ALIGN (0x2)
 *(.fini9)
 .fini9         0x00005842        0x0 d:/iti embedded/sdk/imt_sdk_win_64/imt_sdk_win_64/winavr/bin/../lib/gcc/avr/4.3.3/avr5\libgcc.a(_exit.o)
                0x00005842                exit
                0x00005842                _exit
 *(.fini9)
 *(.fini8)
 *(.fini8)
 *(.fini7)
 *(.fini7)
 *(.fini6)
 *(.fini6)
 *(.fini5)
 *(.fini5)
 *(.fini4)
 *(.fini4)
 *(.fini3)
 *(.fini3)
 *(.fini2)
 *(.fini2)
 *(.fini1)
 *(.fini1)
 *(.fini0)
 .fini0         0x00005842        0x4 d:/iti embedded/sdk/imt_sdk_win_64/imt_sdk_win_64/winavr/bin/../lib/gcc/avr/4.3.3/avr5\libgcc.a(_exit.o)
 *(.fini0)
                0x00005846                _etext = .

.data           0x00800060       0x80 load address 0x00005846
                0x00800060                PROVIDE (__data_start, .)
 *(.data)
 .data          0x00800060        0x0 d:/iti embedded/sdk/imt_sdk_win_64/imt_sdk_win_64/winavr/bin/../lib/gcc/avr/4.3.3/../../../../avr/lib/avr5/crtm32.o
 .data          0x00800060        0x0 ./MCAL/WDT/WDT_prg.o
 .data          0x00800060        0x0 ./MCAL/USART/UART_prg.o
 .data          0x00800060        0x0 ./MCAL/SPI/SPI_prg.o
 .data          0x00800060        0x0 ./MCAL/PWM/PWM_prg.o
 .data          0x00800060        0x0 ./MCAL/I2C/I2C_prg.o
 .data          0x00800060        0x0 ./MCAL/G_INT/G_INT_prg.o
 .data          0x00800060        0x0 ./MCAL/GPT/GPT_prg.o
 .data          0x00800060        0x0 ./MCAL/EXT_INT/EXT_INT_prg.o
 .data          0x00800060        0x0 ./MCAL/EEPROM/EEPROM_prg.o
 .data          0x00800060        0x0 ./MCAL/DIO/DIO_prg.o
 .data          0x00800060        0x0 ./MCAL/ADC/ADC_prg.o
 .data          0x00800060        0x0 ./ECU/SEGMANT/SEGMANT_prg.o
 .data          0x00800060        0x0 ./ECU/RELAY/RELAY_prg.o
 .data          0x00800060        0x0 ./ECU/LED/LED_prg.o
 .data          0x00800060        0x4 ./ECU/LCD/LCD_prg.o
 .data          0x00800064        0x0 ./ECU/KEYPAD/KEYPAD_prg.o
 .data          0x00800064        0x0 ./ECU/ECU_init/ECU_init.o
 .data          0x00800064        0x0 ./ECU/DC_MOTOR/DC_MOTOR_prg.o
 .data          0x00800064        0x0 ./ECU/BTN/BTN_prg.o
 .data          0x00800064        0x0 ./APP/app.o
 .data          0x00800064        0x0 d:/iti embedded/sdk/imt_sdk_win_64/imt_sdk_win_64/winavr/bin/../lib/gcc/avr/4.3.3/avr5\libgcc.a(_exit.o)
 .data          0x00800064        0x0 d:/iti embedded/sdk/imt_sdk_win_64/imt_sdk_win_64/winavr/bin/../lib/gcc/avr/4.3.3/avr5\libgcc.a(_copy_data.o)
 .data          0x00800064        0x0 d:/iti embedded/sdk/imt_sdk_win_64/imt_sdk_win_64/winavr/bin/../lib/gcc/avr/4.3.3/avr5\libgcc.a(_clear_bss.o)
 .data          0x00800064        0x0 d:/iti embedded/sdk/imt_sdk_win_64/imt_sdk_win_64/winavr/bin/../lib/gcc/avr/4.3.3/avr5\libgcc.a(_fixunssfsi.o)
 .data          0x00800064        0x0 d:/iti embedded/sdk/imt_sdk_win_64/imt_sdk_win_64/winavr/bin/../lib/gcc/avr/4.3.3/avr5\libgcc.a(_addsub_sf.o)
 .data          0x00800064        0x0 d:/iti embedded/sdk/imt_sdk_win_64/imt_sdk_win_64/winavr/bin/../lib/gcc/avr/4.3.3/avr5\libgcc.a(_mul_sf.o)
 .data          0x00800064        0x0 d:/iti embedded/sdk/imt_sdk_win_64/imt_sdk_win_64/winavr/bin/../lib/gcc/avr/4.3.3/avr5\libgcc.a(_div_sf.o)
 .data          0x00800064        0x0 d:/iti embedded/sdk/imt_sdk_win_64/imt_sdk_win_64/winavr/bin/../lib/gcc/avr/4.3.3/avr5\libgcc.a(_gt_sf.o)
 .data          0x00800064        0x0 d:/iti embedded/sdk/imt_sdk_win_64/imt_sdk_win_64/winavr/bin/../lib/gcc/avr/4.3.3/avr5\libgcc.a(_ge_sf.o)
 .data          0x00800064        0x0 d:/iti embedded/sdk/imt_sdk_win_64/imt_sdk_win_64/winavr/bin/../lib/gcc/avr/4.3.3/avr5\libgcc.a(_lt_sf.o)
 .data          0x00800064        0x0 d:/iti embedded/sdk/imt_sdk_win_64/imt_sdk_win_64/winavr/bin/../lib/gcc/avr/4.3.3/avr5\libgcc.a(_sf_to_si.o)
 .data          0x00800064        0x8 d:/iti embedded/sdk/imt_sdk_win_64/imt_sdk_win_64/winavr/bin/../lib/gcc/avr/4.3.3/avr5\libgcc.a(_thenan_sf.o)
                0x00800064                __thenan_sf
 .data          0x0080006c        0x0 d:/iti embedded/sdk/imt_sdk_win_64/imt_sdk_win_64/winavr/bin/../lib/gcc/avr/4.3.3/avr5\libgcc.a(_prologue.o)
 .data          0x0080006c        0x0 d:/iti embedded/sdk/imt_sdk_win_64/imt_sdk_win_64/winavr/bin/../lib/gcc/avr/4.3.3/avr5\libgcc.a(_epilogue.o)
 .data          0x0080006c        0x0 d:/iti embedded/sdk/imt_sdk_win_64/imt_sdk_win_64/winavr/bin/../lib/gcc/avr/4.3.3/avr5\libgcc.a(_pack_sf.o)
 .data          0x0080006c        0x0 d:/iti embedded/sdk/imt_sdk_win_64/imt_sdk_win_64/winavr/bin/../lib/gcc/avr/4.3.3/avr5\libgcc.a(_unpack_sf.o)
 .data          0x0080006c        0x0 d:/iti embedded/sdk/imt_sdk_win_64/imt_sdk_win_64/winavr/bin/../lib/gcc/avr/4.3.3/avr5\libgcc.a(_fpcmp_parts_sf.o)
 .data          0x0080006c        0x0 d:/iti embedded/sdk/imt_sdk_win_64/imt_sdk_win_64/winavr/bin/../lib/gcc/avr/4.3.3/../../../../avr/lib/avr5\libc.a(memset.o)
 .data          0x0080006c        0x0 d:/iti embedded/sdk/imt_sdk_win_64/imt_sdk_win_64/winavr/bin/../lib/gcc/avr/4.3.3/../../../../avr/lib/avr5\libc.a(sprintf.o)
 .data          0x0080006c        0x0 d:/iti embedded/sdk/imt_sdk_win_64/imt_sdk_win_64/winavr/bin/../lib/gcc/avr/4.3.3/../../../../avr/lib/avr5\libc.a(vfprintf_std.o)
 .data          0x0080006c        0x0 d:/iti embedded/sdk/imt_sdk_win_64/imt_sdk_win_64/winavr/bin/../lib/gcc/avr/4.3.3/../../../../avr/lib/avr5\libc.a(strnlen_P.o)
 .data          0x0080006c        0x0 d:/iti embedded/sdk/imt_sdk_win_64/imt_sdk_win_64/winavr/bin/../lib/gcc/avr/4.3.3/../../../../avr/lib/avr5\libc.a(strnlen.o)
 .data          0x0080006c        0x0 d:/iti embedded/sdk/imt_sdk_win_64/imt_sdk_win_64/winavr/bin/../lib/gcc/avr/4.3.3/../../../../avr/lib/avr5\libc.a(fputc.o)
 .data          0x0080006c        0x0 d:/iti embedded/sdk/imt_sdk_win_64/imt_sdk_win_64/winavr/bin/../lib/gcc/avr/4.3.3/../../../../avr/lib/avr5\libc.a(ultoa_invert.o)
 *(.data*)
 .data.DDR_registers
                0x0080006c        0x8 ./MCAL/DIO/DIO_prg.o
                0x0080006c                DDR_registers
 .data.PORT_registers
                0x00800074        0x8 ./MCAL/DIO/DIO_prg.o
                0x00800074                PORT_registers
 .data.PIN_registers
                0x0080007c        0x8 ./MCAL/DIO/DIO_prg.o
                0x0080007c                PIN_registers
 .data.led1     0x00800084        0x1 ./ECU/ECU_init/ECU_init.o
                0x00800084                led1
 .data.led2     0x00800085        0x1 ./ECU/ECU_init/ECU_init.o
                0x00800085                led2
 .data.led3     0x00800086        0x1 ./ECU/ECU_init/ECU_init.o
                0x00800086                led3
 .data.btn_low  0x00800087        0x3 ./ECU/ECU_init/ECU_init.o
                0x00800087                btn_low
 .data.btn_state
                0x0080008a        0x1 ./ECU/ECU_init/ECU_init.o
                0x0080008a                btn_state
 .data.Relay    0x0080008b        0x1 ./ECU/ECU_init/ECU_init.o
                0x0080008b                Relay
 .data.motor1   0x0080008c        0x2 ./ECU/ECU_init/ECU_init.o
                0x0080008c                motor1
 .data.motor2   0x0080008e        0x2 ./ECU/ECU_init/ECU_init.o
                0x0080008e                motor2
 .data.seg1     0x00800090        0x5 ./ECU/ECU_init/ECU_init.o
                0x00800090                seg1
 .data.key      0x00800095        0x8 ./ECU/ECU_init/ECU_init.o
                0x00800095                key
 .data.lcd1     0x0080009d        0xa ./ECU/ECU_init/ECU_init.o
                0x0080009d                lcd1
 .data.lcd2     0x008000a7        0x6 ./ECU/ECU_init/ECU_init.o
                0x008000a7                lcd2
 .data.customChar
                0x008000ad        0x8 ./APP/app.o
                0x008000ad                customChar
 .data.adc      0x008000b5        0x8 ./APP/app.o
                0x008000b5                adc
 .data.ext      0x008000bd        0x5 ./APP/app.o
                0x008000bd                ext
 .data.tim0     0x008000c2        0x7 ./APP/app.o
                0x008000c2                tim0
 .data.uart     0x008000c9        0x6 ./APP/app.o
                0x008000c9                uart
 .data.flag     0x008000cf        0x1 ./APP/app.o
                0x008000cf                flag
 *(.rodata)
 *(.rodata*)
 .rodata.KEYPAD_values
                0x008000d0       0x10 ./ECU/KEYPAD/KEYPAD_prg.o
 *(.gnu.linkonce.d*)
                0x008000e0                . = ALIGN (0x2)
                0x008000e0                _edata = .
                0x008000e0                PROVIDE (__data_end, .)

.bss            0x008000e0       0x1a
                0x008000e0                PROVIDE (__bss_start, .)
 *(.bss)
 .bss           0x008000e0        0x0 d:/iti embedded/sdk/imt_sdk_win_64/imt_sdk_win_64/winavr/bin/../lib/gcc/avr/4.3.3/../../../../avr/lib/avr5/crtm32.o
 .bss           0x008000e0        0x0 ./MCAL/WDT/WDT_prg.o
 .bss           0x008000e0        0x0 ./MCAL/USART/UART_prg.o
 .bss           0x008000e0        0x0 ./MCAL/SPI/SPI_prg.o
 .bss           0x008000e0        0x0 ./MCAL/PWM/PWM_prg.o
 .bss           0x008000e0        0x0 ./MCAL/I2C/I2C_prg.o
 .bss           0x008000e0        0x0 ./MCAL/G_INT/G_INT_prg.o
 .bss           0x008000e0        0x0 ./MCAL/GPT/GPT_prg.o
 .bss           0x008000e0        0x0 ./MCAL/EXT_INT/EXT_INT_prg.o
 .bss           0x008000e0        0x0 ./MCAL/EEPROM/EEPROM_prg.o
 .bss           0x008000e0        0x0 ./MCAL/DIO/DIO_prg.o
 .bss           0x008000e0        0x0 ./MCAL/ADC/ADC_prg.o
 .bss           0x008000e0        0x0 ./ECU/SEGMANT/SEGMANT_prg.o
 .bss           0x008000e0        0x0 ./ECU/RELAY/RELAY_prg.o
 .bss           0x008000e0        0x0 ./ECU/LED/LED_prg.o
 .bss           0x008000e0        0x0 ./ECU/LCD/LCD_prg.o
 .bss           0x008000e0        0x0 ./ECU/KEYPAD/KEYPAD_prg.o
 .bss           0x008000e0        0x0 ./ECU/ECU_init/ECU_init.o
 .bss           0x008000e0        0x0 ./ECU/DC_MOTOR/DC_MOTOR_prg.o
 .bss           0x008000e0        0x0 ./ECU/BTN/BTN_prg.o
 .bss           0x008000e0        0x0 ./APP/app.o
 .bss           0x008000e0        0x0 d:/iti embedded/sdk/imt_sdk_win_64/imt_sdk_win_64/winavr/bin/../lib/gcc/avr/4.3.3/avr5\libgcc.a(_exit.o)
 .bss           0x008000e0        0x0 d:/iti embedded/sdk/imt_sdk_win_64/imt_sdk_win_64/winavr/bin/../lib/gcc/avr/4.3.3/avr5\libgcc.a(_copy_data.o)
 .bss           0x008000e0        0x0 d:/iti embedded/sdk/imt_sdk_win_64/imt_sdk_win_64/winavr/bin/../lib/gcc/avr/4.3.3/avr5\libgcc.a(_clear_bss.o)
 .bss           0x008000e0        0x0 d:/iti embedded/sdk/imt_sdk_win_64/imt_sdk_win_64/winavr/bin/../lib/gcc/avr/4.3.3/avr5\libgcc.a(_fixunssfsi.o)
 .bss           0x008000e0        0x0 d:/iti embedded/sdk/imt_sdk_win_64/imt_sdk_win_64/winavr/bin/../lib/gcc/avr/4.3.3/avr5\libgcc.a(_addsub_sf.o)
 .bss           0x008000e0        0x0 d:/iti embedded/sdk/imt_sdk_win_64/imt_sdk_win_64/winavr/bin/../lib/gcc/avr/4.3.3/avr5\libgcc.a(_mul_sf.o)
 .bss           0x008000e0        0x0 d:/iti embedded/sdk/imt_sdk_win_64/imt_sdk_win_64/winavr/bin/../lib/gcc/avr/4.3.3/avr5\libgcc.a(_div_sf.o)
 .bss           0x008000e0        0x0 d:/iti embedded/sdk/imt_sdk_win_64/imt_sdk_win_64/winavr/bin/../lib/gcc/avr/4.3.3/avr5\libgcc.a(_gt_sf.o)
 .bss           0x008000e0        0x0 d:/iti embedded/sdk/imt_sdk_win_64/imt_sdk_win_64/winavr/bin/../lib/gcc/avr/4.3.3/avr5\libgcc.a(_ge_sf.o)
 .bss           0x008000e0        0x0 d:/iti embedded/sdk/imt_sdk_win_64/imt_sdk_win_64/winavr/bin/../lib/gcc/avr/4.3.3/avr5\libgcc.a(_lt_sf.o)
 .bss           0x008000e0        0x0 d:/iti embedded/sdk/imt_sdk_win_64/imt_sdk_win_64/winavr/bin/../lib/gcc/avr/4.3.3/avr5\libgcc.a(_sf_to_si.o)
 .bss           0x008000e0        0x0 d:/iti embedded/sdk/imt_sdk_win_64/imt_sdk_win_64/winavr/bin/../lib/gcc/avr/4.3.3/avr5\libgcc.a(_thenan_sf.o)
 .bss           0x008000e0        0x0 d:/iti embedded/sdk/imt_sdk_win_64/imt_sdk_win_64/winavr/bin/../lib/gcc/avr/4.3.3/avr5\libgcc.a(_prologue.o)
 .bss           0x008000e0        0x0 d:/iti embedded/sdk/imt_sdk_win_64/imt_sdk_win_64/winavr/bin/../lib/gcc/avr/4.3.3/avr5\libgcc.a(_epilogue.o)
 .bss           0x008000e0        0x0 d:/iti embedded/sdk/imt_sdk_win_64/imt_sdk_win_64/winavr/bin/../lib/gcc/avr/4.3.3/avr5\libgcc.a(_pack_sf.o)
 .bss           0x008000e0        0x0 d:/iti embedded/sdk/imt_sdk_win_64/imt_sdk_win_64/winavr/bin/../lib/gcc/avr/4.3.3/avr5\libgcc.a(_unpack_sf.o)
 .bss           0x008000e0        0x0 d:/iti embedded/sdk/imt_sdk_win_64/imt_sdk_win_64/winavr/bin/../lib/gcc/avr/4.3.3/avr5\libgcc.a(_fpcmp_parts_sf.o)
 .bss           0x008000e0        0x0 d:/iti embedded/sdk/imt_sdk_win_64/imt_sdk_win_64/winavr/bin/../lib/gcc/avr/4.3.3/../../../../avr/lib/avr5\libc.a(memset.o)
 .bss           0x008000e0        0x0 d:/iti embedded/sdk/imt_sdk_win_64/imt_sdk_win_64/winavr/bin/../lib/gcc/avr/4.3.3/../../../../avr/lib/avr5\libc.a(sprintf.o)
 .bss           0x008000e0        0x0 d:/iti embedded/sdk/imt_sdk_win_64/imt_sdk_win_64/winavr/bin/../lib/gcc/avr/4.3.3/../../../../avr/lib/avr5\libc.a(vfprintf_std.o)
 .bss           0x008000e0        0x0 d:/iti embedded/sdk/imt_sdk_win_64/imt_sdk_win_64/winavr/bin/../lib/gcc/avr/4.3.3/../../../../avr/lib/avr5\libc.a(strnlen_P.o)
 .bss           0x008000e0        0x0 d:/iti embedded/sdk/imt_sdk_win_64/imt_sdk_win_64/winavr/bin/../lib/gcc/avr/4.3.3/../../../../avr/lib/avr5\libc.a(strnlen.o)
 .bss           0x008000e0        0x0 d:/iti embedded/sdk/imt_sdk_win_64/imt_sdk_win_64/winavr/bin/../lib/gcc/avr/4.3.3/../../../../avr/lib/avr5\libc.a(fputc.o)
 .bss           0x008000e0        0x0 d:/iti embedded/sdk/imt_sdk_win_64/imt_sdk_win_64/winavr/bin/../lib/gcc/avr/4.3.3/../../../../avr/lib/avr5\libc.a(ultoa_invert.o)
 *(.bss*)
 .bss.motor_pin1
                0x008000e0        0x1 ./ECU/DC_MOTOR/DC_MOTOR_prg.o
 .bss.motor_pin2
                0x008000e1        0x1 ./ECU/DC_MOTOR/DC_MOTOR_prg.o
 .bss.adc_flag  0x008000e2        0x1 ./APP/app.o
                0x008000e2                adc_flag
 *(COMMON)
 COMMON         0x008000e3        0xc ./MCAL/GPT/GPT_prg.o
                0x008000e3                GPT_INT_HANDLER
 COMMON         0x008000ef        0x6 ./MCAL/EXT_INT/EXT_INT_prg.o
                0x008000ef                EXT_INT_handler
 COMMON         0x008000f5        0x2 ./MCAL/ADC/ADC_prg.o
                0x008000f5                ADC_INT_handler
 COMMON         0x008000f7        0x1 ./ECU/ECU_init/ECU_init.o
                0x008000f7                stat
 COMMON         0x008000f8        0x2 ./APP/app.o
                0x008000f8                x
                0x008000fa                PROVIDE (__bss_end, .)
                0x00005846                __data_load_start = LOADADDR (.data)
                0x000058c6                __data_load_end = (__data_load_start + SIZEOF (.data))

.noinit         0x008000fa        0x0
                0x008000fa                PROVIDE (__noinit_start, .)
 *(.noinit*)
                0x008000fa                PROVIDE (__noinit_end, .)
                0x008000fa                _end = .
                0x008000fa                PROVIDE (__heap_start, .)

.eeprom         0x00810000        0x0
 *(.eeprom*)
                0x00810000                __eeprom_end = .

.fuse
 *(.fuse)
 *(.lfuse)
 *(.hfuse)
 *(.efuse)

.lock
 *(.lock*)

.signature
 *(.signature*)

.stab           0x00000000     0x822c
 *(.stab)
 .stab          0x00000000       0xe4 ./MCAL/WDT/WDT_prg.o
 .stab          0x000000e4      0x9cc ./MCAL/USART/UART_prg.o
                                0x9d8 (size before relaxing)
 .stab          0x00000ab0       0xd8 ./MCAL/SPI/SPI_prg.o
                                 0xe4 (size before relaxing)
 .stab          0x00000b88       0xd8 ./MCAL/PWM/PWM_prg.o
                                 0xe4 (size before relaxing)
 .stab          0x00000c60       0xd8 ./MCAL/I2C/I2C_prg.o
                                 0xe4 (size before relaxing)
 .stab          0x00000d38      0x288 ./MCAL/G_INT/G_INT_prg.o
                                0x2b8 (size before relaxing)
 .stab          0x00000fc0      0xac8 ./MCAL/GPT/GPT_prg.o
                                0xaf8 (size before relaxing)
 .stab          0x00001a88      0x8e8 ./MCAL/EXT_INT/EXT_INT_prg.o
                                0x918 (size before relaxing)
 .stab          0x00002370      0x4e0 ./MCAL/EEPROM/EEPROM_prg.o
                                0x510 (size before relaxing)
 .stab          0x00002850      0x948 ./MCAL/DIO/DIO_prg.o
                                0x978 (size before relaxing)
 .stab          0x00003198      0xe94 ./MCAL/ADC/ADC_prg.o
                                0xec4 (size before relaxing)
 .stab          0x0000402c      0x354 ./ECU/SEGMANT/SEGMANT_prg.o
                                0x384 (size before relaxing)
 .stab          0x00004380      0x3f0 ./ECU/RELAY/RELAY_prg.o
                                0x420 (size before relaxing)
 .stab          0x00004770      0x498 ./ECU/LED/LED_prg.o
                                0x4c8 (size before relaxing)
 .stab          0x00004c08     0x1d04 ./ECU/LCD/LCD_prg.o
                               0x1ec0 (size before relaxing)
 .stab          0x0000690c      0x3e4 ./ECU/KEYPAD/KEYPAD_prg.o
                                0x414 (size before relaxing)
 .stab          0x00006cf0      0x498 ./ECU/ECU_init/ECU_init.o
                                0x690 (size before relaxing)
 .stab          0x00007188      0x510 ./ECU/DC_MOTOR/DC_MOTOR_prg.o
                                0x540 (size before relaxing)
 .stab          0x00007698      0x3f0 ./ECU/BTN/BTN_prg.o
                                0x420 (size before relaxing)
 .stab          0x00007a88      0x7a4 ./APP/app.o
                                0x99c (size before relaxing)

.stabstr        0x00000000     0x5f46
 *(.stabstr)
 .stabstr       0x00000000     0x5f46 ./MCAL/WDT/WDT_prg.o

.stab.excl
 *(.stab.excl)

.stab.exclstr
 *(.stab.exclstr)

.stab.index
 *(.stab.index)

.stab.indexstr
 *(.stab.indexstr)

.comment
 *(.comment)

.debug
 *(.debug)

.line
 *(.line)

.debug_srcinfo
 *(.debug_srcinfo)

.debug_sfnames
 *(.debug_sfnames)

.debug_aranges  0x00000000      0x160
 *(.debug_aranges)
 .debug_aranges
                0x00000000       0x20 d:/iti embedded/sdk/imt_sdk_win_64/imt_sdk_win_64/winavr/bin/../lib/gcc/avr/4.3.3/avr5\libgcc.a(_fixunssfsi.o)
 .debug_aranges
                0x00000020       0x20 d:/iti embedded/sdk/imt_sdk_win_64/imt_sdk_win_64/winavr/bin/../lib/gcc/avr/4.3.3/avr5\libgcc.a(_addsub_sf.o)
 .debug_aranges
                0x00000040       0x20 d:/iti embedded/sdk/imt_sdk_win_64/imt_sdk_win_64/winavr/bin/../lib/gcc/avr/4.3.3/avr5\libgcc.a(_mul_sf.o)
 .debug_aranges
                0x00000060       0x20 d:/iti embedded/sdk/imt_sdk_win_64/imt_sdk_win_64/winavr/bin/../lib/gcc/avr/4.3.3/avr5\libgcc.a(_div_sf.o)
 .debug_aranges
                0x00000080       0x20 d:/iti embedded/sdk/imt_sdk_win_64/imt_sdk_win_64/winavr/bin/../lib/gcc/avr/4.3.3/avr5\libgcc.a(_gt_sf.o)
 .debug_aranges
                0x000000a0       0x20 d:/iti embedded/sdk/imt_sdk_win_64/imt_sdk_win_64/winavr/bin/../lib/gcc/avr/4.3.3/avr5\libgcc.a(_ge_sf.o)
 .debug_aranges
                0x000000c0       0x20 d:/iti embedded/sdk/imt_sdk_win_64/imt_sdk_win_64/winavr/bin/../lib/gcc/avr/4.3.3/avr5\libgcc.a(_lt_sf.o)
 .debug_aranges
                0x000000e0       0x20 d:/iti embedded/sdk/imt_sdk_win_64/imt_sdk_win_64/winavr/bin/../lib/gcc/avr/4.3.3/avr5\libgcc.a(_sf_to_si.o)
 .debug_aranges
                0x00000100       0x20 d:/iti embedded/sdk/imt_sdk_win_64/imt_sdk_win_64/winavr/bin/../lib/gcc/avr/4.3.3/avr5\libgcc.a(_pack_sf.o)
 .debug_aranges
                0x00000120       0x20 d:/iti embedded/sdk/imt_sdk_win_64/imt_sdk_win_64/winavr/bin/../lib/gcc/avr/4.3.3/avr5\libgcc.a(_unpack_sf.o)
 .debug_aranges
                0x00000140       0x20 d:/iti embedded/sdk/imt_sdk_win_64/imt_sdk_win_64/winavr/bin/../lib/gcc/avr/4.3.3/avr5\libgcc.a(_fpcmp_parts_sf.o)

.debug_pubnames
                0x00000000      0x18f
 *(.debug_pubnames)
 .debug_pubnames
                0x00000000       0x23 d:/iti embedded/sdk/imt_sdk_win_64/imt_sdk_win_64/winavr/bin/../lib/gcc/avr/4.3.3/avr5\libgcc.a(_fixunssfsi.o)
 .debug_pubnames
                0x00000023       0x2c d:/iti embedded/sdk/imt_sdk_win_64/imt_sdk_win_64/winavr/bin/../lib/gcc/avr/4.3.3/avr5\libgcc.a(_addsub_sf.o)
 .debug_pubnames
                0x0000004f       0x1f d:/iti embedded/sdk/imt_sdk_win_64/imt_sdk_win_64/winavr/bin/../lib/gcc/avr/4.3.3/avr5\libgcc.a(_mul_sf.o)
 .debug_pubnames
                0x0000006e       0x1f d:/iti embedded/sdk/imt_sdk_win_64/imt_sdk_win_64/winavr/bin/../lib/gcc/avr/4.3.3/avr5\libgcc.a(_div_sf.o)
 .debug_pubnames
                0x0000008d       0x1e d:/iti embedded/sdk/imt_sdk_win_64/imt_sdk_win_64/winavr/bin/../lib/gcc/avr/4.3.3/avr5\libgcc.a(_gt_sf.o)
 .debug_pubnames
                0x000000ab       0x1e d:/iti embedded/sdk/imt_sdk_win_64/imt_sdk_win_64/winavr/bin/../lib/gcc/avr/4.3.3/avr5\libgcc.a(_ge_sf.o)
 .debug_pubnames
                0x000000c9       0x1e d:/iti embedded/sdk/imt_sdk_win_64/imt_sdk_win_64/winavr/bin/../lib/gcc/avr/4.3.3/avr5\libgcc.a(_lt_sf.o)
 .debug_pubnames
                0x000000e7       0x20 d:/iti embedded/sdk/imt_sdk_win_64/imt_sdk_win_64/winavr/bin/../lib/gcc/avr/4.3.3/avr5\libgcc.a(_sf_to_si.o)
 .debug_pubnames
                0x00000107       0x22 d:/iti embedded/sdk/imt_sdk_win_64/imt_sdk_win_64/winavr/bin/../lib/gcc/avr/4.3.3/avr5\libgcc.a(_thenan_sf.o)
 .debug_pubnames
                0x00000129       0x1f d:/iti embedded/sdk/imt_sdk_win_64/imt_sdk_win_64/winavr/bin/../lib/gcc/avr/4.3.3/avr5\libgcc.a(_pack_sf.o)
 .debug_pubnames
                0x00000148       0x21 d:/iti embedded/sdk/imt_sdk_win_64/imt_sdk_win_64/winavr/bin/../lib/gcc/avr/4.3.3/avr5\libgcc.a(_unpack_sf.o)
 .debug_pubnames
                0x00000169       0x26 d:/iti embedded/sdk/imt_sdk_win_64/imt_sdk_win_64/winavr/bin/../lib/gcc/avr/4.3.3/avr5\libgcc.a(_fpcmp_parts_sf.o)

.debug_info     0x00000000     0x2045
 *(.debug_info)
 .debug_info    0x00000000       0xb1 d:/iti embedded/sdk/imt_sdk_win_64/imt_sdk_win_64/winavr/bin/../lib/gcc/avr/4.3.3/avr5\libgcc.a(_fixunssfsi.o)
 .debug_info    0x000000b1      0x47a d:/iti embedded/sdk/imt_sdk_win_64/imt_sdk_win_64/winavr/bin/../lib/gcc/avr/4.3.3/avr5\libgcc.a(_addsub_sf.o)
 .debug_info    0x0000052b      0x485 d:/iti embedded/sdk/imt_sdk_win_64/imt_sdk_win_64/winavr/bin/../lib/gcc/avr/4.3.3/avr5\libgcc.a(_mul_sf.o)
 .debug_info    0x000009b0      0x3fc d:/iti embedded/sdk/imt_sdk_win_64/imt_sdk_win_64/winavr/bin/../lib/gcc/avr/4.3.3/avr5\libgcc.a(_div_sf.o)
 .debug_info    0x00000dac      0x27f d:/iti embedded/sdk/imt_sdk_win_64/imt_sdk_win_64/winavr/bin/../lib/gcc/avr/4.3.3/avr5\libgcc.a(_gt_sf.o)
 .debug_info    0x0000102b      0x27f d:/iti embedded/sdk/imt_sdk_win_64/imt_sdk_win_64/winavr/bin/../lib/gcc/avr/4.3.3/avr5\libgcc.a(_ge_sf.o)
 .debug_info    0x000012aa      0x27f d:/iti embedded/sdk/imt_sdk_win_64/imt_sdk_win_64/winavr/bin/../lib/gcc/avr/4.3.3/avr5\libgcc.a(_lt_sf.o)
 .debug_info    0x00001529      0x2b0 d:/iti embedded/sdk/imt_sdk_win_64/imt_sdk_win_64/winavr/bin/../lib/gcc/avr/4.3.3/avr5\libgcc.a(_sf_to_si.o)
 .debug_info    0x000017d9      0x12c d:/iti embedded/sdk/imt_sdk_win_64/imt_sdk_win_64/winavr/bin/../lib/gcc/avr/4.3.3/avr5\libgcc.a(_thenan_sf.o)
 .debug_info    0x00001905      0x2df d:/iti embedded/sdk/imt_sdk_win_64/imt_sdk_win_64/winavr/bin/../lib/gcc/avr/4.3.3/avr5\libgcc.a(_pack_sf.o)
 .debug_info    0x00001be4      0x251 d:/iti embedded/sdk/imt_sdk_win_64/imt_sdk_win_64/winavr/bin/../lib/gcc/avr/4.3.3/avr5\libgcc.a(_unpack_sf.o)
 .debug_info    0x00001e35      0x210 d:/iti embedded/sdk/imt_sdk_win_64/imt_sdk_win_64/winavr/bin/../lib/gcc/avr/4.3.3/avr5\libgcc.a(_fpcmp_parts_sf.o)
 *(.gnu.linkonce.wi.*)

.debug_abbrev   0x00000000     0x1101
 *(.debug_abbrev)
 .debug_abbrev  0x00000000       0x5d d:/iti embedded/sdk/imt_sdk_win_64/imt_sdk_win_64/winavr/bin/../lib/gcc/avr/4.3.3/avr5\libgcc.a(_fixunssfsi.o)
 .debug_abbrev  0x0000005d      0x1ea d:/iti embedded/sdk/imt_sdk_win_64/imt_sdk_win_64/winavr/bin/../lib/gcc/avr/4.3.3/avr5\libgcc.a(_addsub_sf.o)
 .debug_abbrev  0x00000247      0x21b d:/iti embedded/sdk/imt_sdk_win_64/imt_sdk_win_64/winavr/bin/../lib/gcc/avr/4.3.3/avr5\libgcc.a(_mul_sf.o)
 .debug_abbrev  0x00000462      0x216 d:/iti embedded/sdk/imt_sdk_win_64/imt_sdk_win_64/winavr/bin/../lib/gcc/avr/4.3.3/avr5\libgcc.a(_div_sf.o)
 .debug_abbrev  0x00000678      0x15a d:/iti embedded/sdk/imt_sdk_win_64/imt_sdk_win_64/winavr/bin/../lib/gcc/avr/4.3.3/avr5\libgcc.a(_gt_sf.o)
 .debug_abbrev  0x000007d2      0x15a d:/iti embedded/sdk/imt_sdk_win_64/imt_sdk_win_64/winavr/bin/../lib/gcc/avr/4.3.3/avr5\libgcc.a(_ge_sf.o)
 .debug_abbrev  0x0000092c      0x15a d:/iti embedded/sdk/imt_sdk_win_64/imt_sdk_win_64/winavr/bin/../lib/gcc/avr/4.3.3/avr5\libgcc.a(_lt_sf.o)
 .debug_abbrev  0x00000a86      0x17f d:/iti embedded/sdk/imt_sdk_win_64/imt_sdk_win_64/winavr/bin/../lib/gcc/avr/4.3.3/avr5\libgcc.a(_sf_to_si.o)
 .debug_abbrev  0x00000c05       0xad d:/iti embedded/sdk/imt_sdk_win_64/imt_sdk_win_64/winavr/bin/../lib/gcc/avr/4.3.3/avr5\libgcc.a(_thenan_sf.o)
 .debug_abbrev  0x00000cb2      0x1c0 d:/iti embedded/sdk/imt_sdk_win_64/imt_sdk_win_64/winavr/bin/../lib/gcc/avr/4.3.3/avr5\libgcc.a(_pack_sf.o)
 .debug_abbrev  0x00000e72      0x154 d:/iti embedded/sdk/imt_sdk_win_64/imt_sdk_win_64/winavr/bin/../lib/gcc/avr/4.3.3/avr5\libgcc.a(_unpack_sf.o)
 .debug_abbrev  0x00000fc6      0x13b d:/iti embedded/sdk/imt_sdk_win_64/imt_sdk_win_64/winavr/bin/../lib/gcc/avr/4.3.3/avr5\libgcc.a(_fpcmp_parts_sf.o)

.debug_line     0x00000000      0xf82
 *(.debug_line)
 .debug_line    0x00000000       0xa7 d:/iti embedded/sdk/imt_sdk_win_64/imt_sdk_win_64/winavr/bin/../lib/gcc/avr/4.3.3/avr5\libgcc.a(_fixunssfsi.o)
 .debug_line    0x000000a7      0x2af d:/iti embedded/sdk/imt_sdk_win_64/imt_sdk_win_64/winavr/bin/../lib/gcc/avr/4.3.3/avr5\libgcc.a(_addsub_sf.o)
 .debug_line    0x00000356      0x239 d:/iti embedded/sdk/imt_sdk_win_64/imt_sdk_win_64/winavr/bin/../lib/gcc/avr/4.3.3/avr5\libgcc.a(_mul_sf.o)
 .debug_line    0x0000058f      0x1d5 d:/iti embedded/sdk/imt_sdk_win_64/imt_sdk_win_64/winavr/bin/../lib/gcc/avr/4.3.3/avr5\libgcc.a(_div_sf.o)
 .debug_line    0x00000764       0xd3 d:/iti embedded/sdk/imt_sdk_win_64/imt_sdk_win_64/winavr/bin/../lib/gcc/avr/4.3.3/avr5\libgcc.a(_gt_sf.o)
 .debug_line    0x00000837       0xd3 d:/iti embedded/sdk/imt_sdk_win_64/imt_sdk_win_64/winavr/bin/../lib/gcc/avr/4.3.3/avr5\libgcc.a(_ge_sf.o)
 .debug_line    0x0000090a       0xd3 d:/iti embedded/sdk/imt_sdk_win_64/imt_sdk_win_64/winavr/bin/../lib/gcc/avr/4.3.3/avr5\libgcc.a(_lt_sf.o)
 .debug_line    0x000009dd      0x109 d:/iti embedded/sdk/imt_sdk_win_64/imt_sdk_win_64/winavr/bin/../lib/gcc/avr/4.3.3/avr5\libgcc.a(_sf_to_si.o)
 .debug_line    0x00000ae6       0x90 d:/iti embedded/sdk/imt_sdk_win_64/imt_sdk_win_64/winavr/bin/../lib/gcc/avr/4.3.3/avr5\libgcc.a(_thenan_sf.o)
 .debug_line    0x00000b76      0x18a d:/iti embedded/sdk/imt_sdk_win_64/imt_sdk_win_64/winavr/bin/../lib/gcc/avr/4.3.3/avr5\libgcc.a(_pack_sf.o)
 .debug_line    0x00000d00      0x14b d:/iti embedded/sdk/imt_sdk_win_64/imt_sdk_win_64/winavr/bin/../lib/gcc/avr/4.3.3/avr5\libgcc.a(_unpack_sf.o)
 .debug_line    0x00000e4b      0x137 d:/iti embedded/sdk/imt_sdk_win_64/imt_sdk_win_64/winavr/bin/../lib/gcc/avr/4.3.3/avr5\libgcc.a(_fpcmp_parts_sf.o)

.debug_frame    0x00000000      0x180
 *(.debug_frame)
 .debug_frame   0x00000000       0x20 d:/iti embedded/sdk/imt_sdk_win_64/imt_sdk_win_64/winavr/bin/../lib/gcc/avr/4.3.3/avr5\libgcc.a(_fixunssfsi.o)
 .debug_frame   0x00000020       0x40 d:/iti embedded/sdk/imt_sdk_win_64/imt_sdk_win_64/winavr/bin/../lib/gcc/avr/4.3.3/avr5\libgcc.a(_addsub_sf.o)
 .debug_frame   0x00000060       0x20 d:/iti embedded/sdk/imt_sdk_win_64/imt_sdk_win_64/winavr/bin/../lib/gcc/avr/4.3.3/avr5\libgcc.a(_mul_sf.o)
 .debug_frame   0x00000080       0x20 d:/iti embedded/sdk/imt_sdk_win_64/imt_sdk_win_64/winavr/bin/../lib/gcc/avr/4.3.3/avr5\libgcc.a(_div_sf.o)
 .debug_frame   0x000000a0       0x20 d:/iti embedded/sdk/imt_sdk_win_64/imt_sdk_win_64/winavr/bin/../lib/gcc/avr/4.3.3/avr5\libgcc.a(_gt_sf.o)
 .debug_frame   0x000000c0       0x20 d:/iti embedded/sdk/imt_sdk_win_64/imt_sdk_win_64/winavr/bin/../lib/gcc/avr/4.3.3/avr5\libgcc.a(_ge_sf.o)
 .debug_frame   0x000000e0       0x20 d:/iti embedded/sdk/imt_sdk_win_64/imt_sdk_win_64/winavr/bin/../lib/gcc/avr/4.3.3/avr5\libgcc.a(_lt_sf.o)
 .debug_frame   0x00000100       0x20 d:/iti embedded/sdk/imt_sdk_win_64/imt_sdk_win_64/winavr/bin/../lib/gcc/avr/4.3.3/avr5\libgcc.a(_sf_to_si.o)
 .debug_frame   0x00000120       0x20 d:/iti embedded/sdk/imt_sdk_win_64/imt_sdk_win_64/winavr/bin/../lib/gcc/avr/4.3.3/avr5\libgcc.a(_pack_sf.o)
 .debug_frame   0x00000140       0x20 d:/iti embedded/sdk/imt_sdk_win_64/imt_sdk_win_64/winavr/bin/../lib/gcc/avr/4.3.3/avr5\libgcc.a(_unpack_sf.o)
 .debug_frame   0x00000160       0x20 d:/iti embedded/sdk/imt_sdk_win_64/imt_sdk_win_64/winavr/bin/../lib/gcc/avr/4.3.3/avr5\libgcc.a(_fpcmp_parts_sf.o)

.debug_str      0x00000000      0x2c2
 *(.debug_str)
 .debug_str     0x00000000       0xbf d:/iti embedded/sdk/imt_sdk_win_64/imt_sdk_win_64/winavr/bin/../lib/gcc/avr/4.3.3/avr5\libgcc.a(_fixunssfsi.o)
                                 0xfe (size before relaxing)
 .debug_str     0x000000bf      0x14d d:/iti embedded/sdk/imt_sdk_win_64/imt_sdk_win_64/winavr/bin/../lib/gcc/avr/4.3.3/avr5\libgcc.a(_addsub_sf.o)
                                0x206 (size before relaxing)
 .debug_str     0x0000020c       0x27 d:/iti embedded/sdk/imt_sdk_win_64/imt_sdk_win_64/winavr/bin/../lib/gcc/avr/4.3.3/avr5\libgcc.a(_mul_sf.o)
                                0x1bf (size before relaxing)
 .debug_str     0x00000233       0x35 d:/iti embedded/sdk/imt_sdk_win_64/imt_sdk_win_64/winavr/bin/../lib/gcc/avr/4.3.3/avr5\libgcc.a(_div_sf.o)
                                0x1c8 (size before relaxing)
 .debug_str     0x00000268        0xf d:/iti embedded/sdk/imt_sdk_win_64/imt_sdk_win_64/winavr/bin/../lib/gcc/avr/4.3.3/avr5\libgcc.a(_gt_sf.o)
                                0x195 (size before relaxing)
 .debug_str     0x00000277        0x8 d:/iti embedded/sdk/imt_sdk_win_64/imt_sdk_win_64/winavr/bin/../lib/gcc/avr/4.3.3/avr5\libgcc.a(_ge_sf.o)
                                0x195 (size before relaxing)
 .debug_str     0x0000027f        0x8 d:/iti embedded/sdk/imt_sdk_win_64/imt_sdk_win_64/winavr/bin/../lib/gcc/avr/4.3.3/avr5\libgcc.a(_lt_sf.o)
                                0x195 (size before relaxing)
 .debug_str     0x00000287        0xa d:/iti embedded/sdk/imt_sdk_win_64/imt_sdk_win_64/winavr/bin/../lib/gcc/avr/4.3.3/avr5\libgcc.a(_sf_to_si.o)
                                0x19e (size before relaxing)
 .debug_str     0x00000000      0x103 d:/iti embedded/sdk/imt_sdk_win_64/imt_sdk_win_64/winavr/bin/../lib/gcc/avr/4.3.3/avr5\libgcc.a(_thenan_sf.o)
 .debug_str     0x00000291       0x16 d:/iti embedded/sdk/imt_sdk_win_64/imt_sdk_win_64/winavr/bin/../lib/gcc/avr/4.3.3/avr5\libgcc.a(_pack_sf.o)
                                0x19d (size before relaxing)
 .debug_str     0x000002a7        0xb d:/iti embedded/sdk/imt_sdk_win_64/imt_sdk_win_64/winavr/bin/../lib/gcc/avr/4.3.3/avr5\libgcc.a(_unpack_sf.o)
                                0x17f (size before relaxing)
 .debug_str     0x000002b2       0x10 d:/iti embedded/sdk/imt_sdk_win_64/imt_sdk_win_64/winavr/bin/../lib/gcc/avr/4.3.3/avr5\libgcc.a(_fpcmp_parts_sf.o)
                                0x163 (size before relaxing)

.debug_loc      0x00000000      0x88e
 *(.debug_loc)
 .debug_loc     0x00000000       0x34 d:/iti embedded/sdk/imt_sdk_win_64/imt_sdk_win_64/winavr/bin/../lib/gcc/avr/4.3.3/avr5\libgcc.a(_fixunssfsi.o)
 .debug_loc     0x00000034      0x32a d:/iti embedded/sdk/imt_sdk_win_64/imt_sdk_win_64/winavr/bin/../lib/gcc/avr/4.3.3/avr5\libgcc.a(_addsub_sf.o)
 .debug_loc     0x0000035e      0x104 d:/iti embedded/sdk/imt_sdk_win_64/imt_sdk_win_64/winavr/bin/../lib/gcc/avr/4.3.3/avr5\libgcc.a(_mul_sf.o)
 .debug_loc     0x00000462       0xc0 d:/iti embedded/sdk/imt_sdk_win_64/imt_sdk_win_64/winavr/bin/../lib/gcc/avr/4.3.3/avr5\libgcc.a(_div_sf.o)
 .debug_loc     0x00000522       0x3c d:/iti embedded/sdk/imt_sdk_win_64/imt_sdk_win_64/winavr/bin/../lib/gcc/avr/4.3.3/avr5\libgcc.a(_gt_sf.o)
 .debug_loc     0x0000055e       0x3c d:/iti embedded/sdk/imt_sdk_win_64/imt_sdk_win_64/winavr/bin/../lib/gcc/avr/4.3.3/avr5\libgcc.a(_ge_sf.o)
 .debug_loc     0x0000059a       0x3c d:/iti embedded/sdk/imt_sdk_win_64/imt_sdk_win_64/winavr/bin/../lib/gcc/avr/4.3.3/avr5\libgcc.a(_lt_sf.o)
 .debug_loc     0x000005d6       0x7e d:/iti embedded/sdk/imt_sdk_win_64/imt_sdk_win_64/winavr/bin/../lib/gcc/avr/4.3.3/avr5\libgcc.a(_sf_to_si.o)
 .debug_loc     0x00000654      0x13e d:/iti embedded/sdk/imt_sdk_win_64/imt_sdk_win_64/winavr/bin/../lib/gcc/avr/4.3.3/avr5\libgcc.a(_pack_sf.o)
 .debug_loc     0x00000792       0xac d:/iti embedded/sdk/imt_sdk_win_64/imt_sdk_win_64/winavr/bin/../lib/gcc/avr/4.3.3/avr5\libgcc.a(_unpack_sf.o)
 .debug_loc     0x0000083e       0x50 d:/iti embedded/sdk/imt_sdk_win_64/imt_sdk_win_64/winavr/bin/../lib/gcc/avr/4.3.3/avr5\libgcc.a(_fpcmp_parts_sf.o)

.debug_macinfo
 *(.debug_macinfo)
OUTPUT(Ghafar.elf elf32-avr)
LOAD linker stubs

.debug_ranges   0x00000000       0x50
 .debug_ranges  0x00000000       0x50 d:/iti embedded/sdk/imt_sdk_win_64/imt_sdk_win_64/winavr/bin/../lib/gcc/avr/4.3.3/avr5\libgcc.a(_mul_sf.o)
