Archive member included because of file (symbol)

d:/iti embedded/sdk/imt_sdk_win_64/imt_sdk_win_64/winavr/bin/../lib/gcc/avr/4.3.3/avr5\libgcc.a(_exit.o)
                              d:/iti embedded/sdk/imt_sdk_win_64/imt_sdk_win_64/winavr/bin/../lib/gcc/avr/4.3.3/../../../../avr/lib/avr5/crtm32.o (exit)
d:/iti embedded/sdk/imt_sdk_win_64/imt_sdk_win_64/winavr/bin/../lib/gcc/avr/4.3.3/avr5\libgcc.a(_copy_data.o)
                              ./MCAL/DIO/DIO_prg.o (__do_copy_data)
d:/iti embedded/sdk/imt_sdk_win_64/imt_sdk_win_64/winavr/bin/../lib/gcc/avr/4.3.3/avr5\libgcc.a(_clear_bss.o)
                              ./ECU/DC_MOTOR/DC_MOTOR_prg.o (__do_clear_bss)

Allocating common symbols
Common symbol       size              file

stat                0x1               ./APP/app.o

Memory Configuration

Name             Origin             Length             Attributes
text             0x00000000         0x00020000         xr
data             0x00800060         0x0000ffa0         rw !x
eeprom           0x00810000         0x00010000         rw !x
fuse             0x00820000         0x00000400         rw !x
lock             0x00830000         0x00000400         rw !x
signature        0x00840000         0x00000400         rw !x
*default*        0x00000000         0xffffffff

Linker script and memory map

LOAD d:/iti embedded/sdk/imt_sdk_win_64/imt_sdk_win_64/winavr/bin/../lib/gcc/avr/4.3.3/../../../../avr/lib/avr5/crtm32.o
LOAD ./MCAL/DIO/DIO_prg.o
LOAD ./ECU/RELAY/RELAY_prg.o
LOAD ./ECU/LED/LED_prg.o
LOAD ./ECU/KEYPAD/KEYPAD_prg.o
LOAD ./ECU/DC_MOTOR/DC_MOTOR_prg.o
LOAD ./ECU/BTN/BTN_prg.o
LOAD ./ECU/7SEGMANT/SEGMANT_prg.o
LOAD ./APP/app.o
LOAD d:/iti embedded/sdk/imt_sdk_win_64/imt_sdk_win_64/winavr/bin/../lib/gcc/avr/4.3.3/avr5\libgcc.a
LOAD d:/iti embedded/sdk/imt_sdk_win_64/imt_sdk_win_64/winavr/bin/../lib/gcc/avr/4.3.3/../../../../avr/lib/avr5\libc.a
LOAD d:/iti embedded/sdk/imt_sdk_win_64/imt_sdk_win_64/winavr/bin/../lib/gcc/avr/4.3.3/avr5\libgcc.a

.hash
 *(.hash)

.dynsym
 *(.dynsym)

.dynstr
 *(.dynstr)

.gnu.version
 *(.gnu.version)

.gnu.version_d
 *(.gnu.version_d)

.gnu.version_r
 *(.gnu.version_r)

.rel.init
 *(.rel.init)

.rela.init
 *(.rela.init)

.rel.text
 *(.rel.text)
 *(.rel.text.*)
 *(.rel.gnu.linkonce.t*)

.rela.text
 *(.rela.text)
 *(.rela.text.*)
 *(.rela.gnu.linkonce.t*)

.rel.fini
 *(.rel.fini)

.rela.fini
 *(.rela.fini)

.rel.rodata
 *(.rel.rodata)
 *(.rel.rodata.*)
 *(.rel.gnu.linkonce.r*)

.rela.rodata
 *(.rela.rodata)
 *(.rela.rodata.*)
 *(.rela.gnu.linkonce.r*)

.rel.data
 *(.rel.data)
 *(.rel.data.*)
 *(.rel.gnu.linkonce.d*)

.rela.data
 *(.rela.data)
 *(.rela.data.*)
 *(.rela.gnu.linkonce.d*)

.rel.ctors
 *(.rel.ctors)

.rela.ctors
 *(.rela.ctors)

.rel.dtors
 *(.rel.dtors)

.rela.dtors
 *(.rela.dtors)

.rel.got
 *(.rel.got)

.rela.got
 *(.rela.got)

.rel.bss
 *(.rel.bss)

.rela.bss
 *(.rela.bss)

.rel.plt
 *(.rel.plt)

.rela.plt
 *(.rela.plt)

.text           0x00000000      0x7cc
 *(.vectors)
 .vectors       0x00000000       0x54 d:/iti embedded/sdk/imt_sdk_win_64/imt_sdk_win_64/winavr/bin/../lib/gcc/avr/4.3.3/../../../../avr/lib/avr5/crtm32.o
                0x00000000                __vectors
                0x00000000                __vector_default
 *(.vectors)
 *(.progmem.gcc*)
 *(.progmem*)
                0x00000054                . = ALIGN (0x2)
                0x00000054                __trampolines_start = .
 *(.trampolines)
 .trampolines   0x00000054        0x0 linker stubs
 *(.trampolines*)
                0x00000054                __trampolines_end = .
 *(.jumptables)
 *(.jumptables*)
 *(.lowtext)
 *(.lowtext*)
                0x00000054                __ctors_start = .
 *(.ctors)
                0x00000054                __ctors_end = .
                0x00000054                __dtors_start = .
 *(.dtors)
                0x00000054                __dtors_end = .
 SORT(*)(.ctors)
 SORT(*)(.dtors)
 *(.init0)
 .init0         0x00000054        0x0 d:/iti embedded/sdk/imt_sdk_win_64/imt_sdk_win_64/winavr/bin/../lib/gcc/avr/4.3.3/../../../../avr/lib/avr5/crtm32.o
                0x00000054                __init
 *(.init0)
 *(.init1)
 *(.init1)
 *(.init2)
 .init2         0x00000054        0xc d:/iti embedded/sdk/imt_sdk_win_64/imt_sdk_win_64/winavr/bin/../lib/gcc/avr/4.3.3/../../../../avr/lib/avr5/crtm32.o
 *(.init2)
 *(.init3)
 *(.init3)
 *(.init4)
 .init4         0x00000060       0x16 d:/iti embedded/sdk/imt_sdk_win_64/imt_sdk_win_64/winavr/bin/../lib/gcc/avr/4.3.3/avr5\libgcc.a(_copy_data.o)
                0x00000060                __do_copy_data
 .init4         0x00000076       0x10 d:/iti embedded/sdk/imt_sdk_win_64/imt_sdk_win_64/winavr/bin/../lib/gcc/avr/4.3.3/avr5\libgcc.a(_clear_bss.o)
                0x00000076                __do_clear_bss
 *(.init4)
 *(.init5)
 *(.init5)
 *(.init6)
 *(.init6)
 *(.init7)
 *(.init7)
 *(.init8)
 *(.init8)
 *(.init9)
 .init9         0x00000086        0x8 d:/iti embedded/sdk/imt_sdk_win_64/imt_sdk_win_64/winavr/bin/../lib/gcc/avr/4.3.3/../../../../avr/lib/avr5/crtm32.o
 *(.init9)
 *(.text)
 .text          0x0000008e        0x4 d:/iti embedded/sdk/imt_sdk_win_64/imt_sdk_win_64/winavr/bin/../lib/gcc/avr/4.3.3/../../../../avr/lib/avr5/crtm32.o
                0x0000008e                __vector_1
                0x0000008e                __vector_12
                0x0000008e                __bad_interrupt
                0x0000008e                __vector_6
                0x0000008e                __vector_3
                0x0000008e                __vector_11
                0x0000008e                __vector_13
                0x0000008e                __vector_17
                0x0000008e                __vector_19
                0x0000008e                __vector_7
                0x0000008e                __vector_5
                0x0000008e                __vector_4
                0x0000008e                __vector_9
                0x0000008e                __vector_2
                0x0000008e                __vector_15
                0x0000008e                __vector_8
                0x0000008e                __vector_14
                0x0000008e                __vector_10
                0x0000008e                __vector_16
                0x0000008e                __vector_18
                0x0000008e                __vector_20
 .text          0x00000092        0x0 ./MCAL/DIO/DIO_prg.o
 .text          0x00000092        0x0 ./ECU/RELAY/RELAY_prg.o
 .text          0x00000092        0x0 ./ECU/LED/LED_prg.o
 .text          0x00000092        0x0 ./ECU/KEYPAD/KEYPAD_prg.o
 .text          0x00000092        0x0 ./ECU/DC_MOTOR/DC_MOTOR_prg.o
 .text          0x00000092        0x0 ./ECU/BTN/BTN_prg.o
 .text          0x00000092        0x0 ./ECU/7SEGMANT/SEGMANT_prg.o
 .text          0x00000092        0x0 ./APP/app.o
 .text          0x00000092        0x0 d:/iti embedded/sdk/imt_sdk_win_64/imt_sdk_win_64/winavr/bin/../lib/gcc/avr/4.3.3/avr5\libgcc.a(_exit.o)
 .text          0x00000092        0x0 d:/iti embedded/sdk/imt_sdk_win_64/imt_sdk_win_64/winavr/bin/../lib/gcc/avr/4.3.3/avr5\libgcc.a(_copy_data.o)
 .text          0x00000092        0x0 d:/iti embedded/sdk/imt_sdk_win_64/imt_sdk_win_64/winavr/bin/../lib/gcc/avr/4.3.3/avr5\libgcc.a(_clear_bss.o)
                0x00000092                . = ALIGN (0x2)
 *(.text.*)
 .text.DIO_init
                0x00000092       0x58 ./MCAL/DIO/DIO_prg.o
                0x00000092                DIO_init
 .text.DIO_write_pin_direction
                0x000000ea       0x76 ./MCAL/DIO/DIO_prg.o
                0x000000ea                DIO_write_pin_direction
 .text.DIO_read_pin_direction
                0x00000160       0x44 ./MCAL/DIO/DIO_prg.o
                0x00000160                DIO_read_pin_direction
 .text.DIO_write_pin_logic
                0x000001a4       0x70 ./MCAL/DIO/DIO_prg.o
                0x000001a4                DIO_write_pin_logic
 .text.DIO_read_pin_logic
                0x00000214       0x44 ./MCAL/DIO/DIO_prg.o
                0x00000214                DIO_read_pin_logic
 .text.DIO_toggle_pin_logic
                0x00000258       0x3e ./MCAL/DIO/DIO_prg.o
                0x00000258                DIO_toggle_pin_logic
 .text.DIO_write_port_direction
                0x00000296       0x46 ./MCAL/DIO/DIO_prg.o
                0x00000296                DIO_write_port_direction
 .text.DIO_read_port_direction
                0x000002dc       0x28 ./MCAL/DIO/DIO_prg.o
                0x000002dc                DIO_read_port_direction
 .text.DIO_write_port_logic
                0x00000304       0x44 ./MCAL/DIO/DIO_prg.o
                0x00000304                DIO_write_port_logic
 .text.DIO_read_port_logic
                0x00000348       0x28 ./MCAL/DIO/DIO_prg.o
                0x00000348                DIO_read_port_logic
 .text.DIO_toggle_port_logic
                0x00000370       0x24 ./MCAL/DIO/DIO_prg.o
                0x00000370                DIO_toggle_port_logic
 .text.RELAY_off
                0x00000394       0x50 ./ECU/RELAY/RELAY_prg.o
                0x00000394                RELAY_off
 .text.RELAY_on
                0x000003e4       0x50 ./ECU/RELAY/RELAY_prg.o
                0x000003e4                RELAY_on
 .text.RELAY_pin_init
                0x00000434        0x8 ./ECU/RELAY/RELAY_prg.o
                0x00000434                RELAY_pin_init
 .text.LED_toggle
                0x0000043c       0x6e ./ECU/LED/LED_prg.o
                0x0000043c                LED_toggle
 .text.LED_off  0x000004aa       0x70 ./ECU/LED/LED_prg.o
                0x000004aa                LED_off
 .text.LED_on   0x0000051a       0x70 ./ECU/LED/LED_prg.o
                0x0000051a                LED_on
 .text.LED_pin_init
                0x0000058a        0x8 ./ECU/LED/LED_prg.o
                0x0000058a                LED_pin_init
 .text.KEYPAD_read_value
                0x00000592        0x4 ./ECU/KEYPAD/KEYPAD_prg.o
                0x00000592                KEYPAD_read_value
 .text.KEYPAD_init
                0x00000596        0x8 ./ECU/KEYPAD/KEYPAD_prg.o
                0x00000596                KEYPAD_init
 .text.DC_MOTOR_stop
                0x0000059e       0x56 ./ECU/DC_MOTOR/DC_MOTOR_prg.o
                0x0000059e                DC_MOTOR_stop
 .text.DC_MOTOR_move_left
                0x000005f4       0x56 ./ECU/DC_MOTOR/DC_MOTOR_prg.o
                0x000005f4                DC_MOTOR_move_left
 .text.DC_MOTOR_move_Right
                0x0000064a       0x56 ./ECU/DC_MOTOR/DC_MOTOR_prg.o
                0x0000064a                DC_MOTOR_move_Right
 .text.DC_MOTOR_pin_init
                0x000006a0        0x8 ./ECU/DC_MOTOR/DC_MOTOR_prg.o
                0x000006a0                DC_MOTOR_pin_init
 .text.BTN_read_state
                0x000006a8       0x70 ./ECU/BTN/BTN_prg.o
                0x000006a8                BTN_read_state
 .text.BTN_init
                0x00000718        0x8 ./ECU/BTN/BTN_prg.o
                0x00000718                BTN_init
 .text.SEGMANT_write_number
                0x00000720       0x50 ./ECU/7SEGMANT/SEGMANT_prg.o
                0x00000720                SEGMANT_write_number
 .text.SEGMANT_init
                0x00000770        0x8 ./ECU/7SEGMANT/SEGMANT_prg.o
                0x00000770                SEGMANT_init
 .text.main     0x00000778       0x50 ./APP/app.o
                0x00000778                main
 .text.libgcc   0x000007c8        0x0 d:/iti embedded/sdk/imt_sdk_win_64/imt_sdk_win_64/winavr/bin/../lib/gcc/avr/4.3.3/avr5\libgcc.a(_exit.o)
 .text.libgcc   0x000007c8        0x0 d:/iti embedded/sdk/imt_sdk_win_64/imt_sdk_win_64/winavr/bin/../lib/gcc/avr/4.3.3/avr5\libgcc.a(_copy_data.o)
 .text.libgcc   0x000007c8        0x0 d:/iti embedded/sdk/imt_sdk_win_64/imt_sdk_win_64/winavr/bin/../lib/gcc/avr/4.3.3/avr5\libgcc.a(_clear_bss.o)
                0x000007c8                . = ALIGN (0x2)
 *(.fini9)
 .fini9         0x000007c8        0x0 d:/iti embedded/sdk/imt_sdk_win_64/imt_sdk_win_64/winavr/bin/../lib/gcc/avr/4.3.3/avr5\libgcc.a(_exit.o)
                0x000007c8                exit
                0x000007c8                _exit
 *(.fini9)
 *(.fini8)
 *(.fini8)
 *(.fini7)
 *(.fini7)
 *(.fini6)
 *(.fini6)
 *(.fini5)
 *(.fini5)
 *(.fini4)
 *(.fini4)
 *(.fini3)
 *(.fini3)
 *(.fini2)
 *(.fini2)
 *(.fini1)
 *(.fini1)
 *(.fini0)
 .fini0         0x000007c8        0x4 d:/iti embedded/sdk/imt_sdk_win_64/imt_sdk_win_64/winavr/bin/../lib/gcc/avr/4.3.3/avr5\libgcc.a(_exit.o)
 *(.fini0)
                0x000007cc                _etext = .

.data           0x00800060       0x2a load address 0x000007cc
                0x00800060                PROVIDE (__data_start, .)
 *(.data)
 .data          0x00800060        0x0 d:/iti embedded/sdk/imt_sdk_win_64/imt_sdk_win_64/winavr/bin/../lib/gcc/avr/4.3.3/../../../../avr/lib/avr5/crtm32.o
 .data          0x00800060        0x0 ./MCAL/DIO/DIO_prg.o
 .data          0x00800060        0x0 ./ECU/RELAY/RELAY_prg.o
 .data          0x00800060        0x0 ./ECU/LED/LED_prg.o
 .data          0x00800060        0x0 ./ECU/KEYPAD/KEYPAD_prg.o
 .data          0x00800060        0x0 ./ECU/DC_MOTOR/DC_MOTOR_prg.o
 .data          0x00800060        0x0 ./ECU/BTN/BTN_prg.o
 .data          0x00800060        0x0 ./ECU/7SEGMANT/SEGMANT_prg.o
 .data          0x00800060        0x0 ./APP/app.o
 .data          0x00800060        0x0 d:/iti embedded/sdk/imt_sdk_win_64/imt_sdk_win_64/winavr/bin/../lib/gcc/avr/4.3.3/avr5\libgcc.a(_exit.o)
 .data          0x00800060        0x0 d:/iti embedded/sdk/imt_sdk_win_64/imt_sdk_win_64/winavr/bin/../lib/gcc/avr/4.3.3/avr5\libgcc.a(_copy_data.o)
 .data          0x00800060        0x0 d:/iti embedded/sdk/imt_sdk_win_64/imt_sdk_win_64/winavr/bin/../lib/gcc/avr/4.3.3/avr5\libgcc.a(_clear_bss.o)
 *(.data*)
 .data.DDR_registers
                0x00800060        0x8 ./MCAL/DIO/DIO_prg.o
                0x00800060                DDR_registers
 .data.PORT_registers
                0x00800068        0x8 ./MCAL/DIO/DIO_prg.o
                0x00800068                PORT_registers
 .data.PIN_registers
                0x00800070        0x8 ./MCAL/DIO/DIO_prg.o
                0x00800070                PIN_registers
 .data.led1     0x00800078        0x1 ./APP/app.o
                0x00800078                led1
 .data.led2     0x00800079        0x1 ./APP/app.o
                0x00800079                led2
 .data.led3     0x0080007a        0x1 ./APP/app.o
                0x0080007a                led3
 .data.btn_low  0x0080007b        0x3 ./APP/app.o
                0x0080007b                btn_low
 .data.btn_state
                0x0080007e        0x1 ./APP/app.o
                0x0080007e                btn_state
 .data.Relay    0x0080007f        0x1 ./APP/app.o
                0x0080007f                Relay
 .data.motor1   0x00800080        0x2 ./APP/app.o
                0x00800080                motor1
 .data.motor2   0x00800082        0x2 ./APP/app.o
                0x00800082                motor2
 .data.seg1     0x00800084        0x5 ./APP/app.o
                0x00800084                seg1
 *(.rodata)
 *(.rodata*)
 *(.gnu.linkonce.d*)
                0x0080008a                . = ALIGN (0x2)
 *fill*         0x00800089        0x1 00
                0x0080008a                _edata = .
                0x0080008a                PROVIDE (__data_end, .)

.bss            0x0080008a        0x3
                0x0080008a                PROVIDE (__bss_start, .)
 *(.bss)
 .bss           0x0080008a        0x0 d:/iti embedded/sdk/imt_sdk_win_64/imt_sdk_win_64/winavr/bin/../lib/gcc/avr/4.3.3/../../../../avr/lib/avr5/crtm32.o
 .bss           0x0080008a        0x0 ./MCAL/DIO/DIO_prg.o
 .bss           0x0080008a        0x0 ./ECU/RELAY/RELAY_prg.o
 .bss           0x0080008a        0x0 ./ECU/LED/LED_prg.o
 .bss           0x0080008a        0x0 ./ECU/KEYPAD/KEYPAD_prg.o
 .bss           0x0080008a        0x0 ./ECU/DC_MOTOR/DC_MOTOR_prg.o
 .bss           0x0080008a        0x0 ./ECU/BTN/BTN_prg.o
 .bss           0x0080008a        0x0 ./ECU/7SEGMANT/SEGMANT_prg.o
 .bss           0x0080008a        0x0 ./APP/app.o
 .bss           0x0080008a        0x0 d:/iti embedded/sdk/imt_sdk_win_64/imt_sdk_win_64/winavr/bin/../lib/gcc/avr/4.3.3/avr5\libgcc.a(_exit.o)
 .bss           0x0080008a        0x0 d:/iti embedded/sdk/imt_sdk_win_64/imt_sdk_win_64/winavr/bin/../lib/gcc/avr/4.3.3/avr5\libgcc.a(_copy_data.o)
 .bss           0x0080008a        0x0 d:/iti embedded/sdk/imt_sdk_win_64/imt_sdk_win_64/winavr/bin/../lib/gcc/avr/4.3.3/avr5\libgcc.a(_clear_bss.o)
 *(.bss*)
 .bss.motor_pin1
                0x0080008a        0x1 ./ECU/DC_MOTOR/DC_MOTOR_prg.o
 .bss.motor_pin2
                0x0080008b        0x1 ./ECU/DC_MOTOR/DC_MOTOR_prg.o
 *(COMMON)
 COMMON         0x0080008c        0x1 ./APP/app.o
                0x0080008c                stat
                0x0080008d                PROVIDE (__bss_end, .)
                0x000007cc                __data_load_start = LOADADDR (.data)
                0x000007f6                __data_load_end = (__data_load_start + SIZEOF (.data))

.noinit         0x0080008d        0x0
                0x0080008d                PROVIDE (__noinit_start, .)
 *(.noinit*)
                0x0080008d                PROVIDE (__noinit_end, .)
                0x0080008d                _end = .
                0x0080008d                PROVIDE (__heap_start, .)

.eeprom         0x00810000        0x0
 *(.eeprom*)
                0x00810000                __eeprom_end = .

.fuse
 *(.fuse)
 *(.lfuse)
 *(.hfuse)
 *(.efuse)

.lock
 *(.lock*)

.signature
 *(.signature*)

.stab
 *(.stab)

.stabstr
 *(.stabstr)

.stab.excl
 *(.stab.excl)

.stab.exclstr
 *(.stab.exclstr)

.stab.index
 *(.stab.index)

.stab.indexstr
 *(.stab.indexstr)

.comment
 *(.comment)

.debug
 *(.debug)

.line
 *(.line)

.debug_srcinfo
 *(.debug_srcinfo)

.debug_sfnames
 *(.debug_sfnames)

.debug_aranges
 *(.debug_aranges)

.debug_pubnames
 *(.debug_pubnames)

.debug_info
 *(.debug_info)
 *(.gnu.linkonce.wi.*)

.debug_abbrev
 *(.debug_abbrev)

.debug_line
 *(.debug_line)

.debug_frame
 *(.debug_frame)

.debug_str
 *(.debug_str)

.debug_loc
 *(.debug_loc)

.debug_macinfo
 *(.debug_macinfo)
OUTPUT(Ghafar.elf elf32-avr)
LOAD linker stubs
